// Jest Snapshot v1, https://jestjs.io/docs/snapshot-testing

exports[`M0 acceptance suite (Task 13) golden replay full event payloads, score, and a state fingerprint are locked for a taped envelope 1`] = `
{
  "events": [
    {
      "half": 1,
      "kind": "KICKOFF",
      "t": 0,
    },
    {
      "by": 20,
      "kind": "TACKLE",
      "on": 9,
      "t": 6,
      "won": false,
    },
    {
      "from": 9,
      "kind": "PASS",
      "ok": true,
      "t": 10,
      "to": 10,
    },
    {
      "by": 20,
      "kind": "TACKLE",
      "on": 10,
      "t": 16,
      "won": false,
    },
    {
      "from": 10,
      "kind": "PASS",
      "ok": true,
      "t": 25,
      "to": 9,
    },
    {
      "from": 9,
      "kind": "PASS",
      "ok": true,
      "t": 35,
      "to": 10,
    },
    {
      "by": 17,
      "kind": "TACKLE",
      "on": 10,
      "t": 37,
      "won": false,
    },
    {
      "from": 10,
      "kind": "PASS",
      "ok": true,
      "t": 40,
      "to": 9,
    },
    {
      "by": 17,
      "kind": "TACKLE",
      "on": 9,
      "t": 47,
      "won": false,
    },
    {
      "by": 9,
      "kind": "SHOT",
      "power": 49,
      "t": 55,
    },
    {
      "by": 9,
      "kind": "MISS",
      "t": 63,
    },
    {
      "by": 9,
      "kind": "TACKLE",
      "on": 20,
      "t": 69,
      "won": false,
    },
    {
      "from": 20,
      "kind": "PASS",
      "ok": true,
      "t": 70,
      "to": 21,
    },
    {
      "by": 9,
      "kind": "TACKLE",
      "on": 21,
      "t": 79,
      "won": false,
    },
    {
      "from": 21,
      "kind": "PASS",
      "ok": false,
      "t": 85,
      "to": 20,
    },
    {
      "from": 8,
      "kind": "PASS",
      "ok": true,
      "t": 100,
      "to": 9,
    },
    {
      "from": 9,
      "kind": "PASS",
      "ok": true,
      "t": 115,
      "to": 10,
    },
    {
      "by": 17,
      "kind": "TACKLE",
      "on": 10,
      "t": 134,
      "won": false,
    },
    {
      "by": 17,
      "kind": "TACKLE",
      "on": 10,
      "t": 144,
      "won": false,
    },
    {
      "by": 10,
      "kind": "SHOT",
      "power": 46,
      "t": 150,
    },
    {
      "by": 11,
      "kind": "SAVE",
      "resolveLeft": 88,
      "t": 157,
    },
    {
      "from": 11,
      "kind": "PASS",
      "ok": true,
      "t": 160,
      "to": 18,
    },
    {
      "from": 18,
      "kind": "PASS",
      "ok": true,
      "t": 175,
      "to": 17,
    },
    {
      "from": 17,
      "kind": "PASS",
      "ok": true,
      "t": 180,
      "to": 16,
    },
    {
      "from": 16,
      "kind": "PASS",
      "ok": true,
      "t": 190,
      "to": 18,
    },
    {
      "from": 18,
      "kind": "PASS",
      "ok": true,
      "t": 200,
      "to": 21,
    },
    {
      "by": 6,
      "kind": "TACKLE",
      "on": 21,
      "t": 209,
      "won": false,
    },
    {
      "by": 6,
      "kind": "TACKLE",
      "on": 21,
      "t": 219,
      "won": true,
    },
    {
      "from": 6,
      "kind": "PASS",
      "ok": true,
      "t": 220,
      "to": 10,
    },
    {
      "by": 17,
      "kind": "TACKLE",
      "on": 10,
      "t": 235,
      "won": false,
    },
    {
      "by": 17,
      "kind": "TACKLE",
      "on": 10,
      "t": 245,
      "won": false,
    },
    {
      "by": 17,
      "kind": "TACKLE",
      "on": 10,
      "t": 255,
      "won": true,
    },
    {
      "by": 10,
      "kind": "TACKLE",
      "on": 17,
      "t": 256,
      "won": false,
    },
    {
      "from": 17,
      "kind": "PASS",
      "ok": true,
      "t": 260,
      "to": 20,
    },
    {
      "by": 6,
      "kind": "TACKLE",
      "on": 20,
      "t": 277,
      "won": false,
    },
    {
      "from": 20,
      "kind": "PASS",
      "ok": false,
      "t": 280,
      "to": 21,
    },
    {
      "from": 2,
      "kind": "PASS",
      "ok": true,
      "t": 290,
      "to": 7,
    },
    {
      "from": 7,
      "kind": "PASS",
      "ok": true,
      "t": 300,
      "to": 10,
    },
    {
      "by": 17,
      "kind": "TACKLE",
      "on": 10,
      "t": 317,
      "won": true,
    },
    {
      "by": 10,
      "kind": "TACKLE",
      "on": 17,
      "t": 318,
      "won": false,
    },
    {
      "from": 17,
      "kind": "PASS",
      "ok": true,
      "t": 320,
      "to": 20,
    },
    {
      "from": 20,
      "kind": "PASS",
      "ok": true,
      "t": 330,
      "to": 21,
    },
    {
      "from": 21,
      "kind": "PASS",
      "ok": true,
      "t": 335,
      "to": 20,
    },
    {
      "by": 6,
      "kind": "TACKLE",
      "on": 20,
      "t": 342,
      "won": false,
    },
    {
      "by": 6,
      "kind": "TACKLE",
      "on": 20,
      "t": 352,
      "won": true,
    },
    {
      "by": 20,
      "kind": "TACKLE",
      "on": 6,
      "t": 353,
      "won": false,
    },
    {
      "from": 6,
      "kind": "PASS",
      "ok": true,
      "t": 355,
      "to": 7,
    },
    {
      "from": 7,
      "kind": "PASS",
      "ok": false,
      "t": 360,
      "to": 10,
    },
    {
      "from": 13,
      "kind": "PASS",
      "ok": true,
      "t": 385,
      "to": 18,
    },
    {
      "by": 7,
      "kind": "TACKLE",
      "on": 18,
      "t": 399,
      "won": true,
    },
    {
      "from": 7,
      "kind": "PASS",
      "ok": true,
      "t": 400,
      "to": 10,
    },
    {
      "by": 18,
      "kind": "TACKLE",
      "on": 10,
      "t": 408,
      "won": false,
    },
    {
      "by": 18,
      "kind": "TACKLE",
      "on": 10,
      "t": 418,
      "won": true,
    },
    {
      "by": 10,
      "kind": "TACKLE",
      "on": 18,
      "t": 419,
      "won": false,
    },
    {
      "from": 18,
      "kind": "PASS",
      "ok": true,
      "t": 420,
      "to": 17,
    },
    {
      "by": 10,
      "kind": "TACKLE",
      "on": 17,
      "t": 429,
      "won": false,
    },
    {
      "from": 17,
      "kind": "PASS",
      "ok": true,
      "t": 430,
      "to": 18,
    },
    {
      "from": 18,
      "kind": "PASS",
      "ok": true,
      "t": 435,
      "to": 17,
    },
    {
      "by": 10,
      "kind": "TACKLE",
      "on": 17,
      "t": 439,
      "won": false,
    },
    {
      "from": 17,
      "kind": "PASS",
      "ok": true,
      "t": 440,
      "to": 18,
    },
    {
      "from": 18,
      "kind": "PASS",
      "ok": true,
      "t": 445,
      "to": 17,
    },
    {
      "from": 17,
      "kind": "PASS",
      "ok": true,
      "t": 450,
      "to": 18,
    },
    {
      "from": 18,
      "kind": "PASS",
      "ok": true,
      "t": 455,
      "to": 17,
    },
    {
      "from": 17,
      "kind": "PASS",
      "ok": true,
      "t": 460,
      "to": 21,
    },
    {
      "by": 6,
      "kind": "TACKLE",
      "on": 21,
      "t": 469,
      "won": false,
    },
    {
      "by": 6,
      "kind": "TACKLE",
      "on": 21,
      "t": 479,
      "won": false,
    },
    {
      "by": 6,
      "kind": "TACKLE",
      "on": 21,
      "t": 489,
      "won": false,
    },
    {
      "by": 6,
      "kind": "TACKLE",
      "on": 21,
      "t": 499,
      "won": false,
    },
    {
      "by": 21,
      "kind": "SHOT",
      "power": 45,
      "t": 500,
    },
    {
      "by": 21,
      "kind": "MISS",
      "t": 508,
    },
    {
      "by": 20,
      "kind": "TACKLE",
      "on": 9,
      "t": 514,
      "won": false,
    },
    {
      "from": 9,
      "kind": "PASS",
      "ok": true,
      "t": 515,
      "to": 10,
    },
    {
      "by": 20,
      "kind": "TACKLE",
      "on": 10,
      "t": 524,
      "won": false,
    },
    {
      "from": 10,
      "kind": "PASS",
      "ok": false,
      "t": 530,
      "to": 9,
    },
    {
      "from": 19,
      "kind": "PASS",
      "ok": true,
      "t": 545,
      "to": 20,
    },
    {
      "from": 20,
      "kind": "PASS",
      "ok": false,
      "t": 560,
      "to": 21,
    },
    {
      "from": 2,
      "kind": "PASS",
      "ok": true,
      "t": 575,
      "to": 7,
    },
    {
      "by": 18,
      "kind": "TACKLE",
      "on": 7,
      "t": 589,
      "won": false,
    },
    {
      "from": 7,
      "kind": "PASS",
      "ok": true,
      "t": 590,
      "to": 6,
    },
    {
      "from": 6,
      "kind": "PASS",
      "ok": true,
      "t": 595,
      "to": 5,
    },
    {
      "from": 5,
      "kind": "PASS",
      "ok": true,
      "t": 605,
      "to": 10,
    },
    {
      "by": 17,
      "kind": "TACKLE",
      "on": 10,
      "t": 620,
      "won": false,
    },
    {
      "by": 17,
      "kind": "TACKLE",
      "on": 10,
      "t": 630,
      "won": false,
    },
    {
      "by": 17,
      "kind": "TACKLE",
      "on": 10,
      "t": 640,
      "won": false,
    },
    {
      "by": 17,
      "kind": "TACKLE",
      "on": 10,
      "t": 650,
      "won": true,
    },
    {
      "by": 10,
      "kind": "TACKLE",
      "on": 17,
      "t": 651,
      "won": false,
    },
    {
      "from": 17,
      "kind": "PASS",
      "ok": true,
      "t": 655,
      "to": 18,
    },
    {
      "from": 18,
      "kind": "PASS",
      "ok": true,
      "t": 660,
      "to": 21,
    },
    {
      "by": 6,
      "kind": "TACKLE",
      "on": 21,
      "t": 671,
      "won": false,
    },
    {
      "by": 6,
      "kind": "TACKLE",
      "on": 21,
      "t": 681,
      "won": false,
    },
    {
      "by": 6,
      "kind": "TACKLE",
      "on": 21,
      "t": 691,
      "won": false,
    },
    {
      "by": 6,
      "kind": "TACKLE",
      "on": 21,
      "t": 701,
      "won": false,
    },
    {
      "by": 6,
      "kind": "TACKLE",
      "on": 21,
      "t": 711,
      "won": true,
    },
    {
      "by": 21,
      "kind": "TACKLE",
      "on": 6,
      "t": 712,
      "won": false,
    },
    {
      "from": 6,
      "kind": "PASS",
      "ok": true,
      "t": 715,
      "to": 7,
    },
    {
      "from": 7,
      "kind": "PASS",
      "ok": true,
      "t": 720,
      "to": 10,
    },
    {
      "by": 17,
      "kind": "TACKLE",
      "on": 10,
      "t": 731,
      "won": true,
    },
    {
      "by": 10,
      "kind": "TACKLE",
      "on": 17,
      "t": 732,
      "won": false,
    },
    {
      "from": 17,
      "kind": "PASS",
      "ok": false,
      "t": 735,
      "to": 21,
    },
    {
      "from": 6,
      "kind": "PASS",
      "ok": true,
      "t": 745,
      "to": 10,
    },
    {
      "by": 17,
      "kind": "TACKLE",
      "on": 10,
      "t": 760,
      "won": false,
    },
    {
      "by": 17,
      "kind": "TACKLE",
      "on": 10,
      "t": 770,
      "won": false,
    },
    {
      "by": 17,
      "kind": "TACKLE",
      "on": 10,
      "t": 780,
      "won": false,
    },
    {
      "by": 17,
      "kind": "TACKLE",
      "on": 10,
      "t": 790,
      "won": false,
    },
    {
      "by": 10,
      "kind": "SHOT",
      "power": 45,
      "t": 800,
    },
    {
      "kind": "POWER_READY",
      "player": 10,
      "t": 803,
    },
    {
      "by": 10,
      "kind": "MISS",
      "t": 808,
    },
    {
      "by": 9,
      "kind": "TACKLE",
      "on": 20,
      "t": 814,
      "won": false,
    },
    {
      "from": 20,
      "kind": "PASS",
      "ok": true,
      "t": 815,
      "to": 21,
    },
    {
      "kind": "POWER_FIRED",
      "player": 10,
      "power": "SUPER_SPEED",
      "strength": 1,
      "t": 819,
    },
    {
      "by": 9,
      "kind": "TACKLE",
      "on": 21,
      "t": 824,
      "won": false,
    },
    {
      "from": 21,
      "kind": "PASS",
      "ok": false,
      "t": 830,
      "to": 20,
    },
    {
      "from": 8,
      "kind": "PASS",
      "ok": true,
      "t": 845,
      "to": 10,
    },
    {
      "by": 17,
      "kind": "TACKLE",
      "on": 10,
      "t": 858,
      "won": false,
    },
    {
      "by": 17,
      "kind": "TACKLE",
      "on": 10,
      "t": 868,
      "won": false,
    },
    {
      "by": 17,
      "kind": "TACKLE",
      "on": 10,
      "t": 878,
      "won": false,
    },
    {
      "by": 17,
      "kind": "TACKLE",
      "on": 10,
      "t": 888,
      "won": false,
    },
    {
      "by": 10,
      "kind": "SHOT",
      "power": 44,
      "t": 890,
    },
    {
      "by": 11,
      "kind": "SAVE",
      "resolveLeft": 77,
      "t": 899,
    },
    {
      "from": 11,
      "kind": "PASS",
      "ok": true,
      "t": 900,
      "to": 19,
    },
    {
      "from": 19,
      "kind": "PASS",
      "ok": true,
      "t": 910,
      "to": 18,
    },
    {
      "from": 18,
      "kind": "PASS",
      "ok": true,
      "t": 920,
      "to": 17,
    },
    {
      "from": 17,
      "kind": "PASS",
      "ok": true,
      "t": 925,
      "to": 18,
    },
    {
      "from": 18,
      "kind": "PASS",
      "ok": true,
      "t": 930,
      "to": 17,
    },
    {
      "from": 17,
      "kind": "PASS",
      "ok": true,
      "t": 935,
      "to": 18,
    },
    {
      "from": 18,
      "kind": "PASS",
      "ok": true,
      "t": 940,
      "to": 17,
    },
    {
      "from": 17,
      "kind": "PASS",
      "ok": true,
      "t": 945,
      "to": 21,
    },
    {
      "by": 6,
      "kind": "TACKLE",
      "on": 21,
      "t": 955,
      "won": false,
    },
    {
      "by": 6,
      "kind": "TACKLE",
      "on": 21,
      "t": 965,
      "won": false,
    },
    {
      "by": 6,
      "kind": "TACKLE",
      "on": 21,
      "t": 975,
      "won": false,
    },
    {
      "by": 6,
      "kind": "TACKLE",
      "on": 21,
      "t": 985,
      "won": true,
    },
    {
      "by": 21,
      "kind": "TACKLE",
      "on": 6,
      "t": 986,
      "won": false,
    },
    {
      "from": 6,
      "kind": "PASS",
      "ok": true,
      "t": 990,
      "to": 7,
    },
    {
      "from": 7,
      "kind": "PASS",
      "ok": true,
      "t": 995,
      "to": 10,
    },
    {
      "kind": "HALF_TIME",
      "t": 1003,
    },
    {
      "half": 2,
      "kind": "KICKOFF",
      "t": 1003,
    },
    {
      "by": 9,
      "kind": "TACKLE",
      "on": 20,
      "t": 1009,
      "won": false,
    },
    {
      "from": 20,
      "kind": "PASS",
      "ok": true,
      "t": 1010,
      "to": 21,
    },
    {
      "by": 9,
      "kind": "TACKLE",
      "on": 21,
      "t": 1019,
      "won": false,
    },
    {
      "from": 21,
      "kind": "PASS",
      "ok": true,
      "t": 1025,
      "to": 20,
    },
    {
      "by": 7,
      "kind": "TACKLE",
      "on": 20,
      "t": 1038,
      "won": false,
    },
    {
      "by": 7,
      "kind": "TACKLE",
      "on": 20,
      "t": 1048,
      "won": false,
    },
    {
      "by": 7,
      "kind": "TACKLE",
      "on": 20,
      "t": 1058,
      "won": false,
    },
    {
      "by": 20,
      "kind": "SHOT",
      "power": 48,
      "t": 1065,
    },
    {
      "by": 20,
      "kind": "MISS",
      "t": 1073,
    },
    {
      "by": 20,
      "kind": "TACKLE",
      "on": 9,
      "t": 1079,
      "won": false,
    },
    {
      "from": 9,
      "kind": "PASS",
      "ok": true,
      "t": 1080,
      "to": 10,
    },
    {
      "by": 20,
      "kind": "TACKLE",
      "on": 10,
      "t": 1089,
      "won": false,
    },
    {
      "from": 10,
      "kind": "PASS",
      "ok": true,
      "t": 1095,
      "to": 9,
    },
    {
      "from": 9,
      "kind": "PASS",
      "ok": true,
      "t": 1105,
      "to": 10,
    },
    {
      "by": 17,
      "kind": "TACKLE",
      "on": 10,
      "t": 1108,
      "won": false,
    },
    {
      "from": 10,
      "kind": "PASS",
      "ok": true,
      "t": 1110,
      "to": 9,
    },
    {
      "by": 17,
      "kind": "TACKLE",
      "on": 9,
      "t": 1118,
      "won": true,
    },
    {
      "by": 9,
      "kind": "TACKLE",
      "on": 17,
      "t": 1119,
      "won": false,
    },
    {
      "from": 17,
      "kind": "PASS",
      "ok": true,
      "t": 1120,
      "to": 18,
    },
    {
      "from": 18,
      "kind": "PASS",
      "ok": true,
      "t": 1125,
      "to": 20,
    },
    {
      "from": 20,
      "kind": "PASS",
      "ok": true,
      "t": 1135,
      "to": 21,
    },
    {
      "by": 6,
      "kind": "TACKLE",
      "on": 21,
      "t": 1145,
      "won": false,
    },
    {
      "by": 6,
      "kind": "TACKLE",
      "on": 21,
      "t": 1155,
      "won": false,
    },
    {
      "by": 21,
      "kind": "SHOT",
      "power": 45,
      "t": 1165,
    },
    {
      "by": 0,
      "kind": "SAVE",
      "resolveLeft": 89,
      "t": 1172,
    },
    {
      "kind": "POWER_READY",
      "player": 9,
      "t": 1173,
    },
    {
      "from": 0,
      "kind": "PASS",
      "ok": true,
      "t": 1175,
      "to": 7,
    },
    {
      "from": 7,
      "kind": "PASS",
      "ok": true,
      "t": 1190,
      "to": 6,
    },
    {
      "from": 6,
      "kind": "PASS",
      "ok": true,
      "t": 1195,
      "to": 5,
    },
    {
      "from": 5,
      "kind": "PASS",
      "ok": true,
      "t": 1205,
      "to": 7,
    },
    {
      "from": 7,
      "kind": "PASS",
      "ok": false,
      "t": 1215,
      "to": 10,
    },
    {
      "from": 13,
      "kind": "PASS",
      "ok": true,
      "t": 1235,
      "to": 17,
    },
    {
      "from": 17,
      "kind": "PASS",
      "ok": true,
      "t": 1240,
      "to": 18,
    },
    {
      "kind": "POWER_EXPIRED",
      "player": 9,
      "t": 1243,
    },
    {
      "from": 18,
      "kind": "PASS",
      "ok": false,
      "t": 1245,
      "to": 21,
    },
    {
      "from": 6,
      "kind": "PASS",
      "ok": true,
      "t": 1260,
      "to": 10,
    },
    {
      "by": 17,
      "kind": "TACKLE",
      "on": 10,
      "t": 1276,
      "won": true,
    },
    {
      "by": 10,
      "kind": "TACKLE",
      "on": 17,
      "t": 1277,
      "won": false,
    },
    {
      "from": 17,
      "kind": "PASS",
      "ok": true,
      "t": 1280,
      "to": 20,
    },
    {
      "from": 20,
      "kind": "PASS",
      "ok": true,
      "t": 1290,
      "to": 21,
    },
    {
      "from": 21,
      "kind": "PASS",
      "ok": true,
      "t": 1295,
      "to": 20,
    },
    {
      "from": 20,
      "kind": "PASS",
      "ok": true,
      "t": 1300,
      "to": 21,
    },
    {
      "from": 21,
      "kind": "PASS",
      "ok": true,
      "t": 1305,
      "to": 20,
    },
    {
      "by": 20,
      "kind": "SHOT",
      "power": 48,
      "t": 1310,
    },
    {
      "by": 0,
      "kind": "SAVE",
      "resolveLeft": 77,
      "t": 1318,
    },
    {
      "from": 0,
      "kind": "PASS",
      "ok": false,
      "t": 1320,
      "to": 7,
    },
    {
      "from": 17,
      "kind": "PASS",
      "ok": true,
      "t": 1350,
      "to": 21,
    },
    {
      "by": 6,
      "kind": "TACKLE",
      "on": 21,
      "t": 1367,
      "won": false,
    },
    {
      "by": 7,
      "kind": "TACKLE",
      "on": 21,
      "t": 1370,
      "won": true,
    },
    {
      "by": 21,
      "kind": "TACKLE",
      "on": 7,
      "t": 1371,
      "won": false,
    },
    {
      "from": 7,
      "kind": "PASS",
      "ok": true,
      "t": 1375,
      "to": 9,
    },
    {
      "by": 17,
      "kind": "TACKLE",
      "on": 9,
      "t": 1396,
      "won": false,
    },
    {
      "by": 17,
      "kind": "TACKLE",
      "on": 9,
      "t": 1406,
      "won": false,
    },
    {
      "by": 9,
      "kind": "SHOT",
      "power": 49,
      "t": 1415,
    },
    {
      "by": 9,
      "kind": "GOAL",
      "t": 1423,
      "team": 0,
    },
    {
      "by": 9,
      "kind": "TACKLE",
      "on": 20,
      "t": 1429,
      "won": false,
    },
    {
      "from": 20,
      "kind": "PASS",
      "ok": true,
      "t": 1430,
      "to": 21,
    },
    {
      "by": 9,
      "kind": "TACKLE",
      "on": 21,
      "t": 1439,
      "won": false,
    },
    {
      "from": 21,
      "kind": "PASS",
      "ok": true,
      "t": 1445,
      "to": 20,
    },
    {
      "kind": "POWER_READY",
      "player": 9,
      "t": 1448,
    },
    {
      "by": 7,
      "kind": "TACKLE",
      "on": 20,
      "t": 1457,
      "won": false,
    },
    {
      "from": 20,
      "kind": "PASS",
      "ok": false,
      "t": 1465,
      "to": 21,
    },
    {
      "by": 20,
      "kind": "TACKLE",
      "on": 6,
      "t": 1468,
      "won": false,
    },
    {
      "from": 6,
      "kind": "PASS",
      "ok": true,
      "t": 1470,
      "to": 10,
    },
    {
      "by": 17,
      "kind": "TACKLE",
      "on": 10,
      "t": 1485,
      "won": false,
    },
    {
      "by": 17,
      "kind": "TACKLE",
      "on": 10,
      "t": 1495,
      "won": false,
    },
    {
      "by": 17,
      "kind": "TACKLE",
      "on": 10,
      "t": 1505,
      "won": false,
    },
    {
      "by": 17,
      "kind": "TACKLE",
      "on": 10,
      "t": 1515,
      "won": false,
    },
    {
      "kind": "POWER_EXPIRED",
      "player": 9,
      "t": 1518,
    },
    {
      "by": 17,
      "kind": "TACKLE",
      "on": 10,
      "t": 1525,
      "won": false,
    },
    {
      "by": 17,
      "kind": "TACKLE",
      "on": 10,
      "t": 1535,
      "won": false,
    },
    {
      "by": 10,
      "kind": "SHOT",
      "power": 46,
      "t": 1545,
    },
    {
      "by": 11,
      "kind": "SAVE",
      "resolveLeft": 88,
      "t": 1552,
    },
    {
      "from": 11,
      "kind": "PASS",
      "ok": true,
      "t": 1555,
      "to": 18,
    },
    {
      "kind": "POWER_READY",
      "player": 10,
      "t": 1566,
    },
    {
      "from": 18,
      "kind": "PASS",
      "ok": true,
      "t": 1570,
      "to": 17,
    },
    {
      "from": 17,
      "kind": "PASS",
      "ok": true,
      "t": 1575,
      "to": 18,
    },
    {
      "from": 18,
      "kind": "PASS",
      "ok": true,
      "t": 1580,
      "to": 17,
    },
    {
      "from": 17,
      "kind": "PASS",
      "ok": true,
      "t": 1585,
      "to": 18,
    },
    {
      "from": 18,
      "kind": "PASS",
      "ok": true,
      "t": 1590,
      "to": 17,
    },
    {
      "from": 17,
      "kind": "PASS",
      "ok": true,
      "t": 1595,
      "to": 18,
    },
    {
      "from": 18,
      "kind": "PASS",
      "ok": true,
      "t": 1600,
      "to": 21,
    },
    {
      "by": 6,
      "kind": "TACKLE",
      "on": 21,
      "t": 1610,
      "won": false,
    },
    {
      "by": 21,
      "kind": "SHOT",
      "power": 42,
      "t": 1620,
    },
    {
      "by": 0,
      "kind": "SAVE",
      "resolveLeft": 66,
      "t": 1629,
    },
    {
      "from": 0,
      "kind": "PASS",
      "ok": true,
      "t": 1630,
      "to": 7,
    },
    {
      "kind": "POWER_EXPIRED",
      "player": 10,
      "t": 1636,
    },
    {
      "from": 7,
      "kind": "PASS",
      "ok": true,
      "t": 1645,
      "to": 6,
    },
    {
      "from": 6,
      "kind": "PASS",
      "ok": true,
      "t": 1650,
      "to": 7,
    },
    {
      "from": 7,
      "kind": "PASS",
      "ok": true,
      "t": 1655,
      "to": 6,
    },
    {
      "by": 21,
      "kind": "TACKLE",
      "on": 6,
      "t": 1659,
      "won": false,
    },
    {
      "from": 6,
      "kind": "PASS",
      "ok": true,
      "t": 1660,
      "to": 7,
    },
    {
      "from": 7,
      "kind": "PASS",
      "ok": true,
      "t": 1665,
      "to": 6,
    },
    {
      "from": 6,
      "kind": "PASS",
      "ok": true,
      "t": 1670,
      "to": 7,
    },
    {
      "from": 7,
      "kind": "PASS",
      "ok": true,
      "t": 1675,
      "to": 10,
    },
    {
      "by": 17,
      "kind": "TACKLE",
      "on": 10,
      "t": 1685,
      "won": false,
    },
    {
      "by": 17,
      "kind": "TACKLE",
      "on": 10,
      "t": 1695,
      "won": false,
    },
    {
      "by": 10,
      "kind": "SHOT",
      "power": 44,
      "t": 1700,
    },
    {
      "by": 10,
      "kind": "GOAL",
      "t": 1709,
      "team": 0,
    },
    {
      "from": 20,
      "kind": "PASS",
      "ok": true,
      "t": 1715,
      "to": 21,
    },
    {
      "by": 9,
      "kind": "TACKLE",
      "on": 21,
      "t": 1718,
      "won": false,
    },
    {
      "by": 9,
      "kind": "TACKLE",
      "on": 21,
      "t": 1728,
      "won": false,
    },
    {
      "from": 21,
      "kind": "PASS",
      "ok": true,
      "t": 1730,
      "to": 20,
    },
    {
      "kind": "POWER_READY",
      "player": 10,
      "t": 1743,
    },
    {
      "by": 7,
      "kind": "TACKLE",
      "on": 20,
      "t": 1743,
      "won": false,
    },
    {
      "from": 20,
      "kind": "PASS",
      "ok": true,
      "t": 1750,
      "to": 21,
    },
    {
      "by": 21,
      "kind": "SHOT",
      "power": 43,
      "t": 1755,
    },
    {
      "by": 21,
      "kind": "GOAL",
      "t": 1764,
      "team": 1,
    },
    {
      "from": 9,
      "kind": "PASS",
      "ok": true,
      "t": 1770,
      "to": 10,
    },
    {
      "by": 20,
      "kind": "TACKLE",
      "on": 10,
      "t": 1773,
      "won": false,
    },
    {
      "by": 20,
      "kind": "TACKLE",
      "on": 10,
      "t": 1783,
      "won": false,
    },
    {
      "from": 10,
      "kind": "PASS",
      "ok": false,
      "t": 1785,
      "to": 9,
    },
    {
      "from": 19,
      "kind": "PASS",
      "ok": true,
      "t": 1800,
      "to": 21,
    },
    {
      "by": 6,
      "kind": "TACKLE",
      "on": 21,
      "t": 1812,
      "won": false,
    },
    {
      "kind": "POWER_EXPIRED",
      "player": 10,
      "t": 1813,
    },
    {
      "from": 21,
      "kind": "PASS",
      "ok": false,
      "t": 1815,
      "to": 20,
    },
    {
      "from": 3,
      "kind": "PASS",
      "ok": true,
      "t": 1830,
      "to": 7,
    },
    {
      "from": 7,
      "kind": "PASS",
      "ok": true,
      "t": 1840,
      "to": 10,
    },
    {
      "by": 17,
      "kind": "TACKLE",
      "on": 10,
      "t": 1852,
      "won": false,
    },
    {
      "kind": "POWER_READY",
      "player": 9,
      "t": 1859,
    },
    {
      "by": 17,
      "kind": "TACKLE",
      "on": 10,
      "t": 1862,
      "won": false,
    },
    {
      "by": 17,
      "kind": "TACKLE",
      "on": 10,
      "t": 1872,
      "won": false,
    },
    {
      "by": 17,
      "kind": "TACKLE",
      "on": 10,
      "t": 1882,
      "won": false,
    },
    {
      "by": 17,
      "kind": "TACKLE",
      "on": 10,
      "t": 1892,
      "won": true,
    },
    {
      "by": 10,
      "kind": "TACKLE",
      "on": 17,
      "t": 1893,
      "won": false,
    },
    {
      "from": 17,
      "kind": "PASS",
      "ok": true,
      "t": 1895,
      "to": 18,
    },
    {
      "from": 18,
      "kind": "PASS",
      "ok": false,
      "t": 1900,
      "to": 21,
    },
    {
      "by": 21,
      "kind": "TACKLE",
      "on": 6,
      "t": 1912,
      "won": false,
    },
    {
      "from": 6,
      "kind": "PASS",
      "ok": true,
      "t": 1915,
      "to": 10,
    },
    {
      "kind": "POWER_EXPIRED",
      "player": 9,
      "t": 1929,
    },
    {
      "by": 17,
      "kind": "TACKLE",
      "on": 10,
      "t": 1929,
      "won": true,
    },
    {
      "from": 17,
      "kind": "PASS",
      "ok": true,
      "t": 1930,
      "to": 20,
    },
    {
      "from": 20,
      "kind": "PASS",
      "ok": true,
      "t": 1940,
      "to": 21,
    },
    {
      "from": 21,
      "kind": "PASS",
      "ok": true,
      "t": 1945,
      "to": 20,
    },
    {
      "from": 20,
      "kind": "PASS",
      "ok": true,
      "t": 1950,
      "to": 21,
    },
    {
      "from": 21,
      "kind": "PASS",
      "ok": true,
      "t": 1955,
      "to": 20,
    },
    {
      "by": 20,
      "kind": "SHOT",
      "power": 47,
      "t": 1960,
    },
    {
      "by": 20,
      "kind": "MISS",
      "t": 1969,
    },
    {
      "by": 20,
      "kind": "TACKLE",
      "on": 9,
      "t": 1975,
      "won": false,
    },
    {
      "from": 9,
      "kind": "PASS",
      "ok": true,
      "t": 1980,
      "to": 10,
    },
    {
      "by": 20,
      "kind": "TACKLE",
      "on": 10,
      "t": 1985,
      "won": false,
    },
    {
      "from": 10,
      "kind": "PASS",
      "ok": true,
      "t": 1995,
      "to": 9,
    },
    {
      "kind": "FULL_TIME",
      "t": 2000,
    },
  ],
  "fingerprints": {
    "1000": [
      {
        "condition": 95,
        "gauge": 0,
        "x": 3405,
        "y": 10300,
      },
      {
        "condition": 90,
        "gauge": 0,
        "x": 1210,
        "y": 7848,
      },
      {
        "condition": 92,
        "gauge": 0,
        "x": 2762,
        "y": 7958,
      },
      {
        "condition": 93,
        "gauge": 0,
        "x": 4116,
        "y": 8094,
      },
      {
        "condition": 89,
        "gauge": 0,
        "x": 5582,
        "y": 8044,
      },
      {
        "condition": 88,
        "gauge": 0,
        "x": 1385,
        "y": 6520,
      },
      {
        "condition": 88,
        "gauge": 0,
        "x": 2932,
        "y": 6888,
      },
      {
        "condition": 85,
        "gauge": 0,
        "x": 3584,
        "y": 6280,
      },
      {
        "condition": 87,
        "gauge": 0,
        "x": 5286,
        "y": 6936,
      },
      {
        "condition": 88,
        "gauge": 50,
        "x": 2802,
        "y": 2186,
      },
      {
        "condition": 87,
        "gauge": 22,
        "x": 3659,
        "y": 4279,
      },
      {
        "condition": 94,
        "gauge": 0,
        "x": 3404,
        "y": 200,
      },
      {
        "condition": 90,
        "gauge": 0,
        "x": 4943,
        "y": 2536,
      },
      {
        "condition": 92,
        "gauge": 0,
        "x": 3868,
        "y": 2120,
      },
      {
        "condition": 92,
        "gauge": 31,
        "x": 3019,
        "y": 1942,
      },
      {
        "condition": 89,
        "gauge": 0,
        "x": 1808,
        "y": 2627,
      },
      {
        "condition": 87,
        "gauge": 0,
        "x": 5308,
        "y": 4892,
      },
      {
        "condition": 87,
        "gauge": 0,
        "x": 3866,
        "y": 4288,
      },
      {
        "condition": 86,
        "gauge": 0,
        "x": 2793,
        "y": 6256,
      },
      {
        "condition": 87,
        "gauge": 0,
        "x": 1335,
        "y": 5217,
      },
      {
        "condition": 88,
        "gauge": 0,
        "x": 3910,
        "y": 7986,
      },
      {
        "condition": 88,
        "gauge": 0,
        "x": 2812,
        "y": 7643,
      },
    ],
    "1500": [
      {
        "condition": 97,
        "gauge": 0,
        "x": 3396,
        "y": 10300,
      },
      {
        "condition": 95,
        "gauge": 0,
        "x": 1124,
        "y": 7087,
      },
      {
        "condition": 96,
        "gauge": 0,
        "x": 2678,
        "y": 7800,
      },
      {
        "condition": 97,
        "gauge": 0,
        "x": 4034,
        "y": 8149,
      },
      {
        "condition": 94,
        "gauge": 0,
        "x": 5629,
        "y": 7160,
      },
      {
        "condition": 94,
        "gauge": 0,
        "x": 920,
        "y": 5563,
      },
      {
        "condition": 94,
        "gauge": 0,
        "x": 2628,
        "y": 5439,
      },
      {
        "condition": 92,
        "gauge": 0,
        "x": 4092,
        "y": 3996,
      },
      {
        "condition": 93,
        "gauge": 0,
        "x": 5849,
        "y": 5428,
      },
      {
        "condition": 94,
        "gauge": 0,
        "x": 2568,
        "y": 1680,
      },
      {
        "condition": 94,
        "gauge": 45,
        "x": 3275,
        "y": 4119,
      },
      {
        "condition": 97,
        "gauge": 0,
        "x": 3394,
        "y": 200,
      },
      {
        "condition": 95,
        "gauge": 0,
        "x": 4900,
        "y": 2312,
      },
      {
        "condition": 96,
        "gauge": 0,
        "x": 3777,
        "y": 1857,
      },
      {
        "condition": 97,
        "gauge": 45,
        "x": 2926,
        "y": 1943,
      },
      {
        "condition": 94,
        "gauge": 0,
        "x": 1854,
        "y": 2137,
      },
      {
        "condition": 94,
        "gauge": 0,
        "x": 4702,
        "y": 3545,
      },
      {
        "condition": 94,
        "gauge": 0,
        "x": 3275,
        "y": 4160,
      },
      {
        "condition": 93,
        "gauge": 0,
        "x": 3020,
        "y": 4352,
      },
      {
        "condition": 93,
        "gauge": 0,
        "x": 2038,
        "y": 3195,
      },
      {
        "condition": 94,
        "gauge": 0,
        "x": 3644,
        "y": 7544,
      },
      {
        "condition": 94,
        "gauge": 0,
        "x": 3004,
        "y": 6772,
      },
    ],
    "2000": [
      {
        "condition": 95,
        "gauge": 0,
        "x": 3393,
        "y": 10300,
      },
      {
        "condition": 89,
        "gauge": 0,
        "x": 1100,
        "y": 6958,
      },
      {
        "condition": 92,
        "gauge": 0,
        "x": 2631,
        "y": 7777,
      },
      {
        "condition": 93,
        "gauge": 0,
        "x": 4007,
        "y": 8184,
      },
      {
        "condition": 89,
        "gauge": 0,
        "x": 5612,
        "y": 7009,
      },
      {
        "condition": 88,
        "gauge": 0,
        "x": 912,
        "y": 5345,
      },
      {
        "condition": 88,
        "gauge": 0,
        "x": 2582,
        "y": 5390,
      },
      {
        "condition": 85,
        "gauge": 0,
        "x": 4125,
        "y": 4113,
      },
      {
        "condition": 87,
        "gauge": 0,
        "x": 5840,
        "y": 5144,
      },
      {
        "condition": 88,
        "gauge": 53,
        "x": 3167,
        "y": 3529,
      },
      {
        "condition": 88,
        "gauge": 63,
        "x": 3740,
        "y": 3861,
      },
      {
        "condition": 94,
        "gauge": 0,
        "x": 3381,
        "y": 284,
      },
      {
        "condition": 90,
        "gauge": 0,
        "x": 4887,
        "y": 2128,
      },
      {
        "condition": 92,
        "gauge": 0,
        "x": 3746,
        "y": 1738,
      },
      {
        "condition": 93,
        "gauge": 61,
        "x": 2874,
        "y": 1942,
      },
      {
        "condition": 89,
        "gauge": 0,
        "x": 1826,
        "y": 1934,
      },
      {
        "condition": 88,
        "gauge": 0,
        "x": 4688,
        "y": 3476,
      },
      {
        "condition": 87,
        "gauge": 0,
        "x": 3577,
        "y": 3451,
      },
      {
        "condition": 86,
        "gauge": 0,
        "x": 2947,
        "y": 4236,
      },
      {
        "condition": 87,
        "gauge": 0,
        "x": 2000,
        "y": 3026,
      },
      {
        "condition": 88,
        "gauge": 0,
        "x": 3583,
        "y": 4730,
      },
      {
        "condition": 87,
        "gauge": 0,
        "x": 2925,
        "y": 6755,
      },
    ],
    "500": [
      {
        "condition": 97,
        "gauge": 0,
        "x": 3325,
        "y": 10001,
      },
      {
        "condition": 95,
        "gauge": 0,
        "x": 1790,
        "y": 8977,
      },
      {
        "condition": 96,
        "gauge": 0,
        "x": 2808,
        "y": 8890,
      },
      {
        "condition": 96,
        "gauge": 0,
        "x": 3706,
        "y": 8558,
      },
      {
        "condition": 94,
        "gauge": 0,
        "x": 4872,
        "y": 9005,
      },
      {
        "condition": 94,
        "gauge": 0,
        "x": 1952,
        "y": 7384,
      },
      {
        "condition": 94,
        "gauge": 0,
        "x": 3031,
        "y": 8052,
      },
      {
        "condition": 92,
        "gauge": 0,
        "x": 3547,
        "y": 6413,
      },
      {
        "condition": 93,
        "gauge": 0,
        "x": 4671,
        "y": 7518,
      },
      {
        "condition": 94,
        "gauge": 42,
        "x": 2826,
        "y": 3004,
      },
      {
        "condition": 93,
        "gauge": 57,
        "x": 3524,
        "y": 3787,
      },
      {
        "condition": 97,
        "gauge": 0,
        "x": 3391,
        "y": 200,
      },
      {
        "condition": 94,
        "gauge": 0,
        "x": 5592,
        "y": 3491,
      },
      {
        "condition": 96,
        "gauge": 0,
        "x": 3972,
        "y": 2554,
      },
      {
        "condition": 97,
        "gauge": 15,
        "x": 2571,
        "y": 2473,
      },
      {
        "condition": 95,
        "gauge": 0,
        "x": 1070,
        "y": 3574,
      },
      {
        "condition": 93,
        "gauge": 0,
        "x": 5829,
        "y": 5597,
      },
      {
        "condition": 93,
        "gauge": 0,
        "x": 4042,
        "y": 4755,
      },
      {
        "condition": 93,
        "gauge": 0,
        "x": 2523,
        "y": 6922,
      },
      {
        "condition": 93,
        "gauge": 0,
        "x": 879,
        "y": 6029,
      },
      {
        "condition": 94,
        "gauge": 0,
        "x": 4131,
        "y": 8705,
      },
      {
        "condition": 94,
        "gauge": 0,
        "x": 3055,
        "y": 8084,
      },
    ],
  },
  "score": [
    2,
    1,
  ],
}
`;
