// Jest Snapshot v1, https://goo.gl/fbAQLP

exports[`M0 acceptance suite (Task 13) golden replay full event payloads, score, and a state fingerprint are locked for a taped envelope 1`] = `
{
  "events": [
    {
      "half": 1,
      "kind": "KICKOFF",
      "t": 0,
    },
    {
      "by": 20,
      "contact": true,
      "kind": "TACKLE",
      "on": 9,
      "style": "standing",
      "t": 7,
      "won": false,
    },
    {
      "from": 9,
      "kind": "PASS",
      "ok": true,
      "t": 10,
      "to": 10,
    },
    {
      "by": 20,
      "contact": true,
      "kind": "TACKLE",
      "on": 10,
      "style": "standing",
      "t": 17,
      "won": false,
    },
    {
      "from": 10,
      "kind": "PASS",
      "ok": true,
      "t": 25,
      "to": 9,
    },
    {
      "from": 9,
      "kind": "PASS",
      "ok": true,
      "t": 35,
      "to": 10,
    },
    {
      "by": 17,
      "contact": true,
      "kind": "TACKLE",
      "on": 10,
      "style": "standing",
      "t": 37,
      "won": false,
    },
    {
      "by": 17,
      "contact": true,
      "kind": "TACKLE",
      "on": 10,
      "style": "standing",
      "t": 47,
      "won": false,
    },
    {
      "by": 10,
      "kind": "SHOT",
      "power": 45,
      "t": 50,
      "trajectory": "driven",
    },
    {
      "by": 11,
      "kind": "SAVE",
      "resolveLeft": 92,
      "t": 57,
    },
    {
      "from": 11,
      "kind": "PASS",
      "ok": true,
      "t": 63,
      "to": 18,
    },
    {
      "from": 18,
      "kind": "PASS",
      "ok": true,
      "t": 75,
      "to": 17,
    },
    {
      "from": 17,
      "kind": "PASS",
      "ok": true,
      "t": 85,
      "to": 18,
    },
    {
      "from": 18,
      "kind": "PASS",
      "ok": true,
      "t": 90,
      "to": 17,
    },
    {
      "from": 17,
      "kind": "PASS",
      "ok": true,
      "t": 95,
      "to": 18,
    },
    {
      "from": 18,
      "kind": "PASS",
      "ok": true,
      "t": 100,
      "to": 17,
    },
    {
      "from": 17,
      "kind": "PASS",
      "ok": true,
      "t": 105,
      "to": 21,
    },
    {
      "by": 6,
      "contact": true,
      "kind": "TACKLE",
      "on": 21,
      "style": "standing",
      "t": 114,
      "won": false,
    },
    {
      "from": 21,
      "kind": "PASS",
      "ok": true,
      "t": 115,
      "to": 18,
    },
    {
      "from": 18,
      "kind": "PASS",
      "ok": true,
      "t": 120,
      "to": 21,
    },
    {
      "by": 6,
      "contact": true,
      "kind": "TACKLE",
      "on": 21,
      "style": "standing",
      "t": 124,
      "won": false,
    },
    {
      "by": 6,
      "contact": true,
      "kind": "TACKLE",
      "on": 21,
      "style": "standing",
      "t": 134,
      "won": true,
    },
    {
      "from": 6,
      "kind": "PASS",
      "ok": true,
      "t": 135,
      "to": 7,
    },
    {
      "from": 7,
      "kind": "PASS",
      "ok": true,
      "t": 140,
      "to": 10,
    },
    {
      "by": 17,
      "contact": true,
      "kind": "TACKLE",
      "on": 10,
      "style": "standing",
      "t": 152,
      "won": false,
    },
    {
      "by": 17,
      "contact": true,
      "kind": "TACKLE",
      "on": 10,
      "style": "standing",
      "t": 162,
      "won": true,
    },
    {
      "by": 10,
      "contact": true,
      "kind": "TACKLE",
      "on": 17,
      "style": "standing",
      "t": 163,
      "won": false,
    },
    {
      "from": 17,
      "kind": "PASS",
      "ok": true,
      "t": 165,
      "to": 20,
    },
    {
      "from": 20,
      "kind": "PASS",
      "ok": true,
      "t": 175,
      "to": 21,
    },
    {
      "from": 21,
      "kind": "PASS",
      "ok": true,
      "t": 180,
      "to": 20,
    },
    {
      "from": 20,
      "kind": "PASS",
      "ok": true,
      "t": 185,
      "to": 21,
    },
    {
      "from": 21,
      "kind": "PASS",
      "ok": false,
      "t": 190,
      "to": 20,
    },
    {
      "by": 21,
      "contact": true,
      "kind": "TACKLE",
      "on": 6,
      "style": "standing",
      "t": 192,
      "won": false,
    },
    {
      "from": 6,
      "kind": "PASS",
      "ok": true,
      "t": 195,
      "to": 7,
    },
    {
      "from": 7,
      "kind": "PASS",
      "ok": true,
      "t": 200,
      "to": 10,
    },
    {
      "by": 17,
      "contact": true,
      "kind": "TACKLE",
      "on": 10,
      "style": "standing",
      "t": 212,
      "won": true,
    },
    {
      "by": 10,
      "contact": true,
      "kind": "TACKLE",
      "on": 17,
      "style": "standing",
      "t": 213,
      "won": false,
    },
    {
      "from": 17,
      "kind": "PASS",
      "ok": true,
      "t": 215,
      "to": 21,
    },
    {
      "by": 6,
      "contact": true,
      "kind": "TACKLE",
      "on": 21,
      "style": "standing",
      "t": 231,
      "won": false,
    },
    {
      "by": 6,
      "contact": true,
      "kind": "TACKLE",
      "on": 21,
      "style": "standing",
      "t": 241,
      "won": true,
    },
    {
      "by": 21,
      "contact": true,
      "kind": "TACKLE",
      "on": 6,
      "style": "standing",
      "t": 242,
      "won": false,
    },
    {
      "from": 6,
      "kind": "PASS",
      "ok": true,
      "t": 245,
      "to": 10,
    },
    {
      "by": 17,
      "contact": true,
      "kind": "TACKLE",
      "on": 10,
      "style": "standing",
      "t": 257,
      "won": false,
    },
    {
      "by": 17,
      "contact": true,
      "kind": "TACKLE",
      "on": 10,
      "style": "standing",
      "t": 267,
      "won": false,
    },
    {
      "by": 17,
      "contact": true,
      "kind": "TACKLE",
      "on": 10,
      "style": "standing",
      "t": 277,
      "won": false,
    },
    {
      "by": 17,
      "contact": true,
      "kind": "TACKLE",
      "on": 10,
      "style": "standing",
      "t": 287,
      "won": false,
    },
    {
      "by": 10,
      "kind": "SHOT",
      "power": 44,
      "t": 295,
      "trajectory": "lifted",
    },
    {
      "by": 10,
      "kind": "MISS",
      "t": 304,
    },
    {
      "by": 9,
      "contact": true,
      "kind": "TACKLE",
      "on": 20,
      "style": "standing",
      "t": 311,
      "won": false,
    },
    {
      "from": 20,
      "kind": "PASS",
      "ok": true,
      "t": 315,
      "to": 21,
    },
    {
      "by": 9,
      "contact": true,
      "kind": "TACKLE",
      "on": 21,
      "style": "standing",
      "t": 321,
      "won": false,
    },
    {
      "from": 21,
      "kind": "PASS",
      "ok": true,
      "t": 330,
      "to": 20,
    },
    {
      "by": 6,
      "contact": true,
      "kind": "TACKLE",
      "on": 20,
      "style": "standing",
      "t": 338,
      "won": false,
    },
    {
      "from": 20,
      "kind": "PASS",
      "ok": false,
      "t": 345,
      "to": 21,
    },
    {
      "by": 5,
      "contact": true,
      "kind": "TACKLE",
      "on": 18,
      "style": "standing",
      "t": 350,
      "won": false,
    },
    {
      "by": 6,
      "contact": true,
      "kind": "TACKLE",
      "on": 18,
      "style": "standing",
      "t": 354,
      "won": false,
    },
    {
      "from": 18,
      "kind": "PASS",
      "ok": false,
      "t": 355,
      "to": 21,
    },
    {
      "by": 21,
      "contact": true,
      "kind": "TACKLE",
      "on": 1,
      "style": "standing",
      "t": 366,
      "won": true,
    },
    {
      "by": 1,
      "contact": true,
      "kind": "TACKLE",
      "on": 21,
      "style": "standing",
      "t": 367,
      "won": true,
    },
    {
      "from": 1,
      "kind": "PASS",
      "ok": true,
      "t": 370,
      "to": 7,
    },
    {
      "from": 7,
      "kind": "PASS",
      "ok": true,
      "t": 380,
      "to": 10,
    },
    {
      "kind": "POWER_READY",
      "player": 10,
      "t": 391,
    },
    {
      "by": 17,
      "contact": true,
      "kind": "TACKLE",
      "on": 10,
      "style": "standing",
      "t": 397,
      "won": false,
    },
    {
      "kind": "POWER_FIRED",
      "player": 10,
      "power": "SUPER_SPEED",
      "strength": 1,
      "t": 407,
    },
    {
      "by": 14,
      "direction": {
        "x": 0.40147688942650944,
        "y": 0.9158691540042246,
      },
      "kind": "SLIDE_STARTED",
      "on": 10,
      "t": 418,
      "untilTick": 422,
    },
    {
      "by": 14,
      "contact": false,
      "kind": "TACKLE",
      "on": 10,
      "style": "slide",
      "t": 421,
      "won": false,
    },
    {
      "by": 13,
      "direction": {
        "x": -0.6093073109620981,
        "y": 0.7929341717999907,
      },
      "kind": "SLIDE_STARTED",
      "on": 10,
      "t": 423,
      "untilTick": 427,
    },
    {
      "by": 13,
      "contact": true,
      "kind": "TACKLE",
      "on": 10,
      "style": "slide",
      "t": 426,
      "won": false,
    },
    {
      "by": 10,
      "kind": "SHOT",
      "power": 77,
      "t": 430,
      "trajectory": "driven",
    },
    {
      "by": 10,
      "kind": "MISS",
      "t": 436,
    },
    {
      "by": 9,
      "contact": true,
      "kind": "TACKLE",
      "on": 20,
      "style": "standing",
      "t": 443,
      "won": false,
    },
    {
      "from": 20,
      "kind": "PASS",
      "ok": true,
      "t": 445,
      "to": 21,
    },
    {
      "by": 9,
      "contact": true,
      "kind": "TACKLE",
      "on": 21,
      "style": "standing",
      "t": 453,
      "won": false,
    },
    {
      "from": 21,
      "kind": "PASS",
      "ok": true,
      "t": 455,
      "to": 20,
    },
    {
      "by": 7,
      "contact": true,
      "kind": "TACKLE",
      "on": 20,
      "style": "standing",
      "t": 459,
      "won": false,
    },
    {
      "by": 7,
      "contact": true,
      "kind": "TACKLE",
      "on": 20,
      "style": "standing",
      "t": 469,
      "won": false,
    },
    {
      "from": 20,
      "kind": "PASS",
      "ok": true,
      "t": 475,
      "to": 21,
    },
    {
      "by": 21,
      "kind": "SHOT",
      "power": 44,
      "t": 480,
      "trajectory": "driven",
    },
    {
      "by": 21,
      "kind": "MISS",
      "t": 489,
    },
    {
      "by": 20,
      "contact": true,
      "kind": "TACKLE",
      "on": 9,
      "style": "standing",
      "t": 496,
      "won": false,
    },
    {
      "from": 9,
      "kind": "PASS",
      "ok": true,
      "t": 500,
      "to": 10,
    },
    {
      "by": 20,
      "contact": true,
      "kind": "TACKLE",
      "on": 10,
      "style": "standing",
      "t": 506,
      "won": false,
    },
    {
      "from": 10,
      "kind": "PASS",
      "ok": true,
      "t": 515,
      "to": 9,
    },
    {
      "by": 17,
      "contact": true,
      "kind": "TACKLE",
      "on": 9,
      "style": "standing",
      "t": 523,
      "won": false,
    },
    {
      "kind": "POWER_READY",
      "player": 14,
      "t": 526,
    },
    {
      "kind": "POWER_FIRED",
      "player": 14,
      "power": "SUPER_STRENGTH",
      "strength": 0.85,
      "t": 532,
    },
    {
      "by": 14,
      "contact": true,
      "kind": "TACKLE",
      "on": 9,
      "style": "power",
      "t": 532,
      "won": true,
    },
    {
      "from": 14,
      "kind": "PASS",
      "ok": true,
      "t": 535,
      "to": 20,
    },
    {
      "from": 20,
      "kind": "PASS",
      "ok": true,
      "t": 545,
      "to": 21,
    },
    {
      "by": 6,
      "contact": true,
      "kind": "TACKLE",
      "on": 21,
      "style": "standing",
      "t": 553,
      "won": false,
    },
    {
      "by": 6,
      "contact": true,
      "kind": "TACKLE",
      "on": 21,
      "style": "standing",
      "t": 563,
      "won": false,
    },
    {
      "from": 21,
      "kind": "PASS",
      "ok": false,
      "t": 565,
      "to": 20,
    },
    {
      "from": 8,
      "kind": "PASS",
      "ok": false,
      "t": 575,
      "to": 7,
    },
    {
      "by": 7,
      "contact": true,
      "kind": "TACKLE",
      "on": 17,
      "style": "standing",
      "t": 581,
      "won": false,
    },
    {
      "from": 17,
      "kind": "PASS",
      "ok": true,
      "t": 585,
      "to": 21,
    },
    {
      "by": 6,
      "contact": true,
      "kind": "TACKLE",
      "on": 21,
      "style": "standing",
      "t": 599,
      "won": false,
    },
    {
      "by": 6,
      "contact": true,
      "kind": "TACKLE",
      "on": 21,
      "style": "standing",
      "t": 609,
      "won": true,
    },
    {
      "from": 6,
      "kind": "PASS",
      "ok": true,
      "t": 610,
      "to": 7,
    },
    {
      "from": 7,
      "kind": "PASS",
      "ok": true,
      "t": 615,
      "to": 10,
    },
    {
      "by": 17,
      "contact": true,
      "kind": "TACKLE",
      "on": 10,
      "style": "standing",
      "t": 625,
      "won": false,
    },
    {
      "by": 17,
      "contact": true,
      "kind": "TACKLE",
      "on": 10,
      "style": "standing",
      "t": 635,
      "won": false,
    },
    {
      "by": 17,
      "contact": true,
      "kind": "TACKLE",
      "on": 10,
      "style": "standing",
      "t": 645,
      "won": true,
    },
    {
      "by": 10,
      "contact": true,
      "kind": "TACKLE",
      "on": 17,
      "style": "standing",
      "t": 646,
      "won": false,
    },
    {
      "from": 17,
      "kind": "PASS",
      "ok": true,
      "t": 650,
      "to": 20,
    },
    {
      "by": 6,
      "contact": true,
      "kind": "TACKLE",
      "on": 20,
      "style": "standing",
      "t": 668,
      "won": true,
    },
    {
      "by": 20,
      "contact": true,
      "kind": "TACKLE",
      "on": 6,
      "style": "standing",
      "t": 669,
      "won": false,
    },
    {
      "from": 6,
      "kind": "PASS",
      "ok": true,
      "t": 670,
      "to": 10,
    },
    {
      "kind": "RECOVERED",
      "player": 9,
      "t": 682,
    },
    {
      "by": 17,
      "contact": true,
      "kind": "TACKLE",
      "on": 10,
      "style": "standing",
      "t": 683,
      "won": false,
    },
    {
      "from": 10,
      "kind": "PASS",
      "ok": false,
      "t": 685,
      "to": 9,
    },
    {
      "by": 10,
      "contact": true,
      "kind": "TACKLE",
      "on": 13,
      "style": "standing",
      "t": 704,
      "won": false,
    },
    {
      "from": 13,
      "kind": "PASS",
      "ok": true,
      "t": 705,
      "to": 18,
    },
    {
      "from": 18,
      "kind": "PASS",
      "ok": true,
      "t": 715,
      "to": 21,
    },
    {
      "by": 6,
      "contact": true,
      "kind": "TACKLE",
      "on": 21,
      "style": "standing",
      "t": 729,
      "won": false,
    },
    {
      "by": 6,
      "contact": true,
      "kind": "TACKLE",
      "on": 21,
      "style": "standing",
      "t": 739,
      "won": true,
    },
    {
      "from": 6,
      "kind": "PASS",
      "ok": true,
      "t": 740,
      "to": 9,
    },
    {
      "from": 9,
      "kind": "PASS",
      "ok": true,
      "t": 755,
      "to": 10,
    },
    {
      "from": 10,
      "kind": "PASS",
      "ok": true,
      "t": 765,
      "to": 9,
    },
    {
      "by": 14,
      "direction": {
        "x": 0.16523104756318455,
        "y": 0.9862548863864617,
      },
      "kind": "SLIDE_STARTED",
      "on": 9,
      "t": 767,
      "untilTick": 771,
    },
    {
      "by": 9,
      "kind": "SHOT",
      "power": 45,
      "t": 770,
      "trajectory": "driven",
    },
    {
      "by": 14,
      "contact": false,
      "kind": "TACKLE",
      "on": 9,
      "style": "slide",
      "t": 771,
      "won": false,
    },
    {
      "by": 9,
      "kind": "MISS",
      "t": 779,
    },
    {
      "by": 9,
      "contact": true,
      "kind": "TACKLE",
      "on": 20,
      "style": "standing",
      "t": 786,
      "won": false,
    },
    {
      "from": 20,
      "kind": "PASS",
      "ok": true,
      "t": 790,
      "to": 21,
    },
    {
      "by": 9,
      "contact": true,
      "kind": "TACKLE",
      "on": 21,
      "style": "standing",
      "t": 796,
      "won": false,
    },
    {
      "from": 21,
      "kind": "PASS",
      "ok": true,
      "t": 805,
      "to": 20,
    },
    {
      "by": 6,
      "contact": true,
      "kind": "TACKLE",
      "on": 20,
      "style": "standing",
      "t": 813,
      "won": false,
    },
    {
      "from": 20,
      "kind": "PASS",
      "ok": true,
      "t": 820,
      "to": 21,
    },
    {
      "by": 6,
      "contact": true,
      "kind": "TACKLE",
      "on": 21,
      "style": "standing",
      "t": 828,
      "won": false,
    },
    {
      "by": 21,
      "kind": "SHOT",
      "power": 43,
      "t": 830,
      "trajectory": "lifted",
    },
    {
      "by": 21,
      "kind": "MISS",
      "t": 839,
    },
    {
      "by": 20,
      "contact": true,
      "kind": "TACKLE",
      "on": 9,
      "style": "standing",
      "t": 846,
      "won": false,
    },
    {
      "kind": "POWER_READY",
      "player": 9,
      "t": 849,
    },
    {
      "from": 9,
      "kind": "PASS",
      "ok": true,
      "t": 850,
      "to": 10,
    },
    {
      "by": 20,
      "contact": true,
      "kind": "TACKLE",
      "on": 10,
      "style": "standing",
      "t": 856,
      "won": false,
    },
    {
      "from": 10,
      "kind": "PASS",
      "ok": true,
      "t": 865,
      "to": 9,
    },
    {
      "by": 17,
      "contact": true,
      "kind": "TACKLE",
      "on": 9,
      "style": "standing",
      "t": 873,
      "won": false,
    },
    {
      "from": 9,
      "kind": "PASS",
      "ok": true,
      "t": 880,
      "to": 10,
    },
    {
      "by": 10,
      "kind": "SHOT",
      "power": 43,
      "t": 885,
      "trajectory": "lifted",
    },
    {
      "by": 11,
      "kind": "SAVE",
      "resolveLeft": 85,
      "t": 892,
    },
    {
      "from": 11,
      "kind": "PASS",
      "ok": true,
      "t": 898,
      "to": 18,
    },
    {
      "from": 18,
      "kind": "PASS",
      "ok": true,
      "t": 910,
      "to": 17,
    },
    {
      "from": 17,
      "kind": "PASS",
      "ok": true,
      "t": 920,
      "to": 18,
    },
    {
      "from": 18,
      "kind": "PASS",
      "ok": true,
      "t": 925,
      "to": 17,
    },
    {
      "from": 17,
      "kind": "PASS",
      "ok": true,
      "t": 930,
      "to": 18,
    },
    {
      "from": 18,
      "kind": "PASS",
      "ok": true,
      "t": 935,
      "to": 17,
    },
    {
      "from": 17,
      "kind": "PASS",
      "ok": true,
      "t": 940,
      "to": 21,
    },
    {
      "by": 6,
      "contact": true,
      "kind": "TACKLE",
      "on": 21,
      "style": "standing",
      "t": 950,
      "won": false,
    },
    {
      "by": 6,
      "contact": true,
      "kind": "TACKLE",
      "on": 21,
      "style": "standing",
      "t": 960,
      "won": false,
    },
    {
      "by": 21,
      "kind": "SHOT",
      "power": 43,
      "t": 970,
      "trajectory": "driven",
    },
    {
      "by": 0,
      "kind": "SAVE",
      "resolveLeft": 93,
      "t": 977,
    },
    {
      "from": 0,
      "kind": "PASS",
      "ok": true,
      "t": 983,
      "to": 7,
    },
    {
      "from": 7,
      "kind": "PASS",
      "ok": true,
      "t": 1000,
      "to": 6,
    },
    {
      "kind": "HALF_TIME",
      "t": 1004,
    },
    {
      "half": 2,
      "kind": "KICKOFF",
      "t": 1004,
    },
    {
      "by": 9,
      "contact": true,
      "kind": "TACKLE",
      "on": 20,
      "style": "standing",
      "t": 1011,
      "won": false,
    },
    {
      "from": 20,
      "kind": "PASS",
      "ok": true,
      "t": 1015,
      "to": 21,
    },
    {
      "by": 9,
      "contact": true,
      "kind": "TACKLE",
      "on": 21,
      "style": "standing",
      "t": 1022,
      "won": false,
    },
    {
      "from": 21,
      "kind": "PASS",
      "ok": true,
      "t": 1030,
      "to": 20,
    },
    {
      "by": 6,
      "contact": true,
      "kind": "TACKLE",
      "on": 20,
      "style": "standing",
      "t": 1038,
      "won": false,
    },
    {
      "from": 20,
      "kind": "PASS",
      "ok": true,
      "t": 1045,
      "to": 21,
    },
    {
      "by": 6,
      "contact": true,
      "kind": "TACKLE",
      "on": 21,
      "style": "standing",
      "t": 1053,
      "won": false,
    },
    {
      "by": 21,
      "kind": "SHOT",
      "power": 43,
      "t": 1055,
      "trajectory": "driven",
    },
    {
      "by": 21,
      "kind": "MISS",
      "t": 1064,
    },
    {
      "by": 20,
      "contact": true,
      "kind": "TACKLE",
      "on": 9,
      "style": "standing",
      "t": 1071,
      "won": false,
    },
    {
      "from": 9,
      "kind": "PASS",
      "ok": true,
      "t": 1075,
      "to": 10,
    },
    {
      "by": 20,
      "contact": true,
      "kind": "TACKLE",
      "on": 10,
      "style": "standing",
      "t": 1081,
      "won": false,
    },
    {
      "from": 10,
      "kind": "PASS",
      "ok": true,
      "t": 1090,
      "to": 9,
    },
    {
      "by": 17,
      "contact": true,
      "kind": "TACKLE",
      "on": 9,
      "style": "standing",
      "t": 1098,
      "won": true,
    },
    {
      "by": 9,
      "contact": true,
      "kind": "TACKLE",
      "on": 17,
      "style": "standing",
      "t": 1099,
      "won": false,
    },
    {
      "from": 17,
      "kind": "PASS",
      "ok": true,
      "t": 1100,
      "to": 21,
    },
    {
      "from": 21,
      "kind": "PASS",
      "ok": true,
      "t": 1110,
      "to": 20,
    },
    {
      "by": 6,
      "contact": true,
      "kind": "TACKLE",
      "on": 20,
      "style": "standing",
      "t": 1122,
      "won": true,
    },
    {
      "by": 20,
      "contact": true,
      "kind": "TACKLE",
      "on": 6,
      "style": "standing",
      "t": 1123,
      "won": true,
    },
    {
      "from": 20,
      "kind": "PASS",
      "ok": true,
      "t": 1125,
      "to": 21,
    },
    {
      "from": 21,
      "kind": "PASS",
      "ok": true,
      "t": 1135,
      "to": 20,
    },
    {
      "by": 3,
      "direction": {
        "x": -0.40324404688125287,
        "y": -0.9150924754661848,
      },
      "kind": "SLIDE_STARTED",
      "on": 20,
      "t": 1144,
      "untilTick": 1148,
    },
    {
      "by": 20,
      "kind": "SHOT",
      "power": 44,
      "t": 1145,
      "trajectory": "driven",
    },
    {
      "by": 3,
      "contact": false,
      "kind": "TACKLE",
      "on": 20,
      "style": "slide",
      "t": 1147,
      "won": false,
    },
    {
      "by": 20,
      "kind": "GOAL",
      "t": 1154,
      "team": 1,
    },
    {
      "by": 20,
      "contact": true,
      "kind": "TACKLE",
      "on": 9,
      "style": "standing",
      "t": 1161,
      "won": false,
    },
    {
      "from": 9,
      "kind": "PASS",
      "ok": true,
      "t": 1165,
      "to": 10,
    },
    {
      "by": 20,
      "contact": true,
      "kind": "TACKLE",
      "on": 10,
      "style": "standing",
      "t": 1171,
      "won": false,
    },
    {
      "from": 10,
      "kind": "PASS",
      "ok": true,
      "t": 1180,
      "to": 9,
    },
    {
      "by": 17,
      "contact": true,
      "kind": "TACKLE",
      "on": 9,
      "style": "standing",
      "t": 1188,
      "won": false,
    },
    {
      "kind": "POWER_READY",
      "player": 14,
      "t": 1194,
    },
    {
      "kind": "POWER_FIRED",
      "player": 14,
      "power": "SUPER_STRENGTH",
      "strength": 0.85,
      "t": 1200,
    },
    {
      "by": 14,
      "contact": true,
      "kind": "TACKLE",
      "on": 9,
      "style": "power",
      "t": 1200,
      "won": true,
    },
    {
      "from": 14,
      "kind": "PASS",
      "ok": true,
      "t": 1200,
      "to": 20,
    },
    {
      "from": 20,
      "kind": "PASS",
      "ok": true,
      "t": 1210,
      "to": 21,
    },
    {
      "by": 6,
      "contact": true,
      "kind": "TACKLE",
      "on": 21,
      "style": "standing",
      "t": 1220,
      "won": false,
    },
    {
      "from": 21,
      "kind": "PASS",
      "ok": true,
      "t": 1225,
      "to": 20,
    },
    {
      "by": 6,
      "contact": true,
      "kind": "TACKLE",
      "on": 20,
      "style": "standing",
      "t": 1230,
      "won": true,
    },
    {
      "by": 20,
      "contact": true,
      "kind": "TACKLE",
      "on": 6,
      "style": "standing",
      "t": 1231,
      "won": false,
    },
    {
      "from": 6,
      "kind": "PASS",
      "ok": true,
      "t": 1235,
      "to": 10,
    },
    {
      "kind": "POWER_READY",
      "player": 10,
      "t": 1245,
    },
    {
      "by": 17,
      "contact": true,
      "kind": "TACKLE",
      "on": 10,
      "style": "standing",
      "t": 1246,
      "won": true,
    },
    {
      "by": 10,
      "contact": true,
      "kind": "TACKLE",
      "on": 17,
      "style": "standing",
      "t": 1247,
      "won": false,
    },
    {
      "from": 17,
      "kind": "PASS",
      "ok": true,
      "t": 1250,
      "to": 21,
    },
    {
      "by": 6,
      "contact": true,
      "kind": "TACKLE",
      "on": 21,
      "style": "standing",
      "t": 1265,
      "won": false,
    },
    {
      "by": 6,
      "contact": true,
      "kind": "TACKLE",
      "on": 21,
      "style": "standing",
      "t": 1275,
      "won": false,
    },
    {
      "by": 6,
      "contact": true,
      "kind": "TACKLE",
      "on": 21,
      "style": "standing",
      "t": 1285,
      "won": false,
    },
    {
      "by": 21,
      "kind": "SHOT",
      "power": 43,
      "t": 1295,
      "trajectory": "driven",
    },
    {
      "by": 21,
      "kind": "MISS",
      "t": 1304,
    },
    {
      "by": 20,
      "contact": true,
      "kind": "TACKLE",
      "on": 10,
      "style": "standing",
      "t": 1311,
      "won": true,
    },
    {
      "by": 10,
      "contact": true,
      "kind": "TACKLE",
      "on": 20,
      "style": "standing",
      "t": 1312,
      "won": false,
    },
    {
      "by": 10,
      "contact": true,
      "kind": "TACKLE",
      "on": 20,
      "style": "standing",
      "t": 1322,
      "won": false,
    },
    {
      "from": 20,
      "kind": "PASS",
      "ok": true,
      "t": 1330,
      "to": 21,
    },
    {
      "by": 6,
      "contact": true,
      "kind": "TACKLE",
      "on": 21,
      "style": "standing",
      "t": 1337,
      "won": false,
    },
    {
      "from": 21,
      "kind": "PASS",
      "ok": true,
      "t": 1345,
      "to": 20,
    },
    {
      "kind": "RECOVERED",
      "player": 9,
      "t": 1350,
    },
    {
      "by": 6,
      "contact": true,
      "kind": "TACKLE",
      "on": 20,
      "style": "standing",
      "t": 1351,
      "won": false,
    },
    {
      "from": 20,
      "kind": "PASS",
      "ok": false,
      "t": 1355,
      "to": 21,
    },
    {
      "by": 21,
      "contact": true,
      "kind": "TACKLE",
      "on": 2,
      "style": "standing",
      "t": 1364,
      "won": false,
    },
    {
      "from": 2,
      "kind": "PASS",
      "ok": true,
      "t": 1365,
      "to": 7,
    },
    {
      "from": 7,
      "kind": "PASS",
      "ok": true,
      "t": 1380,
      "to": 6,
    },
    {
      "from": 6,
      "kind": "PASS",
      "ok": true,
      "t": 1385,
      "to": 5,
    },
    {
      "from": 5,
      "kind": "PASS",
      "ok": true,
      "t": 1395,
      "to": 10,
    },
    {
      "from": 10,
      "kind": "PASS",
      "ok": false,
      "t": 1410,
      "to": 7,
    },
    {
      "by": 10,
      "contact": true,
      "kind": "TACKLE",
      "on": 17,
      "style": "standing",
      "t": 1411,
      "won": false,
    },
    {
      "from": 17,
      "kind": "PASS",
      "ok": false,
      "t": 1415,
      "to": 20,
    },
    {
      "from": 3,
      "kind": "PASS",
      "ok": true,
      "t": 1430,
      "to": 7,
    },
    {
      "from": 7,
      "kind": "PASS",
      "ok": false,
      "t": 1440,
      "to": 10,
    },
    {
      "energyUse": "ALL_OUT",
      "kind": "ENERGY_USE_CHANGED",
      "t": 1444,
      "team": 0,
    },
    {
      "by": 12,
      "contact": true,
      "kind": "TACKLE",
      "on": 10,
      "style": "standing",
      "t": 1458,
      "won": true,
    },
    {
      "by": 10,
      "contact": true,
      "kind": "TACKLE",
      "on": 12,
      "style": "standing",
      "t": 1459,
      "won": true,
    },
    {
      "by": 13,
      "direction": {
        "x": -0.2383786531108534,
        "y": 0.971172290451625,
      },
      "kind": "SLIDE_STARTED",
      "on": 10,
      "t": 1460,
      "untilTick": 1464,
    },
    {
      "by": 13,
      "contact": true,
      "kind": "TACKLE",
      "on": 10,
      "style": "slide",
      "t": 1463,
      "won": true,
    },
    {
      "by": 10,
      "contact": true,
      "kind": "TACKLE",
      "on": 13,
      "style": "standing",
      "t": 1469,
      "won": false,
    },
    {
      "from": 13,
      "kind": "PASS",
      "ok": true,
      "t": 1470,
      "to": 18,
    },
    {
      "from": 18,
      "kind": "PASS",
      "ok": false,
      "t": 1475,
      "to": 21,
    },
    {
      "from": 6,
      "kind": "PASS",
      "ok": true,
      "t": 1485,
      "to": 10,
    },
    {
      "by": 17,
      "contact": true,
      "kind": "TACKLE",
      "on": 10,
      "style": "standing",
      "t": 1501,
      "won": false,
    },
    {
      "by": 17,
      "contact": true,
      "kind": "TACKLE",
      "on": 10,
      "style": "standing",
      "t": 1511,
      "won": true,
    },
    {
      "by": 10,
      "contact": true,
      "kind": "TACKLE",
      "on": 17,
      "style": "standing",
      "t": 1512,
      "won": false,
    },
    {
      "from": 17,
      "kind": "PASS",
      "ok": true,
      "t": 1515,
      "to": 21,
    },
    {
      "by": 6,
      "contact": true,
      "kind": "TACKLE",
      "on": 21,
      "style": "standing",
      "t": 1528,
      "won": true,
    },
    {
      "by": 21,
      "contact": true,
      "kind": "TACKLE",
      "on": 6,
      "style": "standing",
      "t": 1529,
      "won": false,
    },
    {
      "from": 6,
      "kind": "PASS",
      "ok": true,
      "t": 1530,
      "to": 10,
    },
    {
      "by": 17,
      "contact": true,
      "kind": "TACKLE",
      "on": 10,
      "style": "standing",
      "t": 1548,
      "won": false,
    },
    {
      "by": 17,
      "contact": true,
      "kind": "TACKLE",
      "on": 10,
      "style": "standing",
      "t": 1558,
      "won": false,
    },
    {
      "by": 17,
      "contact": true,
      "kind": "TACKLE",
      "on": 10,
      "style": "standing",
      "t": 1568,
      "won": false,
    },
    {
      "by": 14,
      "direction": {
        "x": 0.5481242112907582,
        "y": 0.836396944636268,
      },
      "kind": "SLIDE_STARTED",
      "on": 10,
      "t": 1574,
      "untilTick": 1578,
    },
    {
      "from": 10,
      "kind": "PASS",
      "ok": false,
      "t": 1575,
      "to": 9,
    },
    {
      "by": 14,
      "contact": false,
      "kind": "TACKLE",
      "on": 10,
      "style": "slide",
      "t": 1578,
      "won": false,
    },
    {
      "from": 11,
      "kind": "PASS",
      "ok": true,
      "t": 1590,
      "to": 18,
    },
    {
      "from": 18,
      "kind": "PASS",
      "ok": true,
      "t": 1600,
      "to": 21,
    },
    {
      "by": 6,
      "contact": true,
      "kind": "TACKLE",
      "on": 21,
      "style": "standing",
      "t": 1614,
      "won": false,
    },
    {
      "from": 21,
      "kind": "PASS",
      "ok": true,
      "t": 1615,
      "to": 18,
    },
    {
      "from": 18,
      "kind": "PASS",
      "ok": true,
      "t": 1620,
      "to": 21,
    },
    {
      "by": 6,
      "contact": true,
      "kind": "TACKLE",
      "on": 21,
      "style": "standing",
      "t": 1628,
      "won": false,
    },
    {
      "from": 21,
      "kind": "PASS",
      "ok": true,
      "t": 1630,
      "to": 17,
    },
    {
      "from": 17,
      "kind": "PASS",
      "ok": true,
      "t": 1640,
      "to": 21,
    },
    {
      "by": 6,
      "contact": true,
      "kind": "TACKLE",
      "on": 21,
      "style": "standing",
      "t": 1649,
      "won": true,
    },
    {
      "from": 6,
      "kind": "PASS",
      "ok": true,
      "t": 1650,
      "to": 10,
    },
    {
      "energyUse": "SAVE_ENERGY",
      "kind": "ENERGY_USE_CHANGED",
      "t": 1667,
      "team": 0,
    },
    {
      "energyUse": "SAVE_ENERGY",
      "kind": "ENERGY_USE_CHANGED",
      "t": 1667,
      "team": 1,
    },
    {
      "by": 17,
      "contact": true,
      "kind": "TACKLE",
      "on": 10,
      "style": "standing",
      "t": 1667,
      "won": true,
    },
    {
      "by": 10,
      "contact": true,
      "kind": "TACKLE",
      "on": 17,
      "style": "standing",
      "t": 1668,
      "won": false,
    },
    {
      "from": 17,
      "kind": "PASS",
      "ok": true,
      "t": 1670,
      "to": 20,
    },
    {
      "from": 20,
      "kind": "PASS",
      "ok": true,
      "t": 1680,
      "to": 21,
    },
    {
      "from": 21,
      "kind": "PASS",
      "ok": true,
      "t": 1685,
      "to": 20,
    },
    {
      "from": 20,
      "kind": "PASS",
      "ok": true,
      "t": 1690,
      "to": 21,
    },
    {
      "from": 21,
      "kind": "PASS",
      "ok": true,
      "t": 1695,
      "to": 20,
    },
    {
      "by": 3,
      "direction": {
        "x": -0.32642266456908914,
        "y": -0.9452239121264421,
      },
      "kind": "SLIDE_STARTED",
      "on": 20,
      "t": 1697,
      "untilTick": 1701,
    },
    {
      "by": 20,
      "kind": "SHOT",
      "power": 43,
      "t": 1700,
      "trajectory": "driven",
    },
    {
      "by": 3,
      "contact": false,
      "kind": "TACKLE",
      "on": 20,
      "style": "slide",
      "t": 1700,
      "won": false,
    },
    {
      "by": 20,
      "kind": "MISS",
      "t": 1709,
    },
    {
      "by": 20,
      "contact": true,
      "kind": "TACKLE",
      "on": 9,
      "style": "standing",
      "t": 1717,
      "won": true,
    },
    {
      "by": 9,
      "contact": true,
      "kind": "TACKLE",
      "on": 20,
      "style": "standing",
      "t": 1718,
      "won": false,
    },
    {
      "from": 20,
      "kind": "PASS",
      "ok": true,
      "t": 1720,
      "to": 21,
    },
    {
      "from": 21,
      "kind": "PASS",
      "ok": true,
      "t": 1725,
      "to": 20,
    },
    {
      "by": 9,
      "contact": true,
      "kind": "TACKLE",
      "on": 20,
      "style": "standing",
      "t": 1733,
      "won": false,
    },
    {
      "from": 20,
      "kind": "PASS",
      "ok": false,
      "t": 1735,
      "to": 21,
    },
    {
      "by": 6,
      "contact": true,
      "kind": "TACKLE",
      "on": 18,
      "style": "standing",
      "t": 1749,
      "won": true,
    },
    {
      "from": 6,
      "kind": "PASS",
      "ok": true,
      "t": 1750,
      "to": 10,
    },
    {
      "kind": "POWER_READY",
      "player": 14,
      "t": 1770,
    },
    {
      "from": 10,
      "kind": "PASS",
      "ok": true,
      "t": 1770,
      "to": 9,
    },
    {
      "kind": "POWER_FIRED",
      "player": 14,
      "power": "SUPER_STRENGTH",
      "strength": 0.85,
      "t": 1777,
    },
    {
      "by": 14,
      "contact": true,
      "kind": "TACKLE",
      "on": 9,
      "style": "power",
      "t": 1777,
      "won": true,
    },
    {
      "from": 14,
      "kind": "PASS",
      "ok": true,
      "t": 1780,
      "to": 21,
    },
    {
      "by": 6,
      "contact": true,
      "kind": "TACKLE",
      "on": 21,
      "style": "standing",
      "t": 1793,
      "won": true,
    },
    {
      "by": 21,
      "contact": true,
      "kind": "TACKLE",
      "on": 6,
      "style": "standing",
      "t": 1794,
      "won": false,
    },
    {
      "from": 6,
      "kind": "PASS",
      "ok": true,
      "t": 1795,
      "to": 10,
    },
    {
      "by": 17,
      "contact": true,
      "kind": "TACKLE",
      "on": 10,
      "style": "standing",
      "t": 1813,
      "won": false,
    },
    {
      "by": 17,
      "contact": true,
      "kind": "TACKLE",
      "on": 10,
      "style": "standing",
      "t": 1823,
      "won": false,
    },
    {
      "by": 17,
      "contact": true,
      "kind": "TACKLE",
      "on": 10,
      "style": "standing",
      "t": 1833,
      "won": false,
    },
    {
      "by": 14,
      "direction": {
        "x": 0.44884874268153674,
        "y": 0.8936077473887543,
      },
      "kind": "SLIDE_STARTED",
      "on": 10,
      "t": 1839,
      "untilTick": 1843,
    },
    {
      "by": 10,
      "kind": "SHOT",
      "power": 42,
      "t": 1840,
      "trajectory": "driven",
    },
    {
      "by": 14,
      "contact": false,
      "kind": "TACKLE",
      "on": 10,
      "style": "slide",
      "t": 1843,
      "won": false,
    },
    {
      "by": 10,
      "kind": "MISS",
      "t": 1849,
    },
    {
      "by": 10,
      "contact": true,
      "kind": "TACKLE",
      "on": 20,
      "style": "standing",
      "t": 1858,
      "won": false,
    },
    {
      "from": 20,
      "kind": "PASS",
      "ok": true,
      "t": 1860,
      "to": 21,
    },
    {
      "by": 10,
      "contact": true,
      "kind": "TACKLE",
      "on": 21,
      "style": "standing",
      "t": 1869,
      "won": false,
    },
    {
      "from": 21,
      "kind": "PASS",
      "ok": true,
      "t": 1875,
      "to": 20,
    },
    {
      "by": 7,
      "contact": true,
      "kind": "TACKLE",
      "on": 20,
      "style": "standing",
      "t": 1883,
      "won": true,
    },
    {
      "by": 20,
      "contact": true,
      "kind": "TACKLE",
      "on": 7,
      "style": "standing",
      "t": 1884,
      "won": false,
    },
    {
      "from": 7,
      "kind": "PASS",
      "ok": true,
      "t": 1885,
      "to": 10,
    },
    {
      "by": 17,
      "contact": true,
      "kind": "TACKLE",
      "on": 10,
      "style": "standing",
      "t": 1904,
      "won": false,
    },
    {
      "by": 17,
      "contact": true,
      "kind": "TACKLE",
      "on": 10,
      "style": "standing",
      "t": 1914,
      "won": false,
    },
    {
      "from": 10,
      "kind": "PASS",
      "ok": true,
      "t": 1915,
      "to": 7,
    },
    {
      "from": 7,
      "kind": "PASS",
      "ok": true,
      "t": 1920,
      "to": 10,
    },
    {
      "by": 17,
      "contact": true,
      "kind": "TACKLE",
      "on": 10,
      "style": "standing",
      "t": 1924,
      "won": true,
    },
    {
      "from": 17,
      "kind": "PASS",
      "ok": true,
      "t": 1925,
      "to": 20,
    },
    {
      "kind": "RECOVERED",
      "player": 9,
      "t": 1927,
    },
    {
      "from": 20,
      "kind": "PASS",
      "ok": true,
      "t": 1940,
      "to": 21,
    },
    {
      "by": 21,
      "kind": "SHOT",
      "power": 42,
      "t": 1955,
      "trajectory": "lifted",
    },
    {
      "by": 21,
      "kind": "GOAL",
      "t": 1964,
      "team": 1,
    },
    {
      "by": 20,
      "contact": true,
      "kind": "TACKLE",
      "on": 9,
      "style": "standing",
      "t": 1972,
      "won": false,
    },
    {
      "from": 9,
      "kind": "PASS",
      "ok": true,
      "t": 1980,
      "to": 10,
    },
    {
      "by": 20,
      "contact": true,
      "kind": "TACKLE",
      "on": 10,
      "style": "standing",
      "t": 1988,
      "won": false,
    },
    {
      "from": 10,
      "kind": "PASS",
      "ok": false,
      "t": 1995,
      "to": 9,
    },
    {
      "by": 10,
      "contact": true,
      "kind": "TACKLE",
      "on": 18,
      "style": "standing",
      "t": 1999,
      "won": false,
    },
    {
      "from": 18,
      "kind": "PASS",
      "ok": true,
      "t": 2000,
      "to": 21,
    },
    {
      "kind": "FULL_TIME",
      "t": 2007,
    },
  ],
  "fingerprints": {
    "1000": [
      {
        "condition": 75,
        "gauge": 0,
        "x": 3416,
        "y": 10158,
      },
      {
        "condition": 59,
        "gauge": 0,
        "x": 1175,
        "y": 8170,
      },
      {
        "condition": 66,
        "gauge": 0,
        "x": 2772,
        "y": 8258,
      },
      {
        "condition": 70,
        "gauge": 0,
        "x": 4132,
        "y": 8182,
      },
      {
        "condition": 58,
        "gauge": 0,
        "x": 5681,
        "y": 8315,
      },
      {
        "condition": 53,
        "gauge": 0,
        "x": 953,
        "y": 6258,
      },
      {
        "condition": 51,
        "gauge": 0,
        "x": 2713,
        "y": 6171,
      },
      {
        "condition": 47,
        "gauge": 0,
        "x": 3570,
        "y": 7189,
      },
      {
        "condition": 49,
        "gauge": 0,
        "x": 5877,
        "y": 6545,
      },
      {
        "condition": 57,
        "gauge": 0,
        "x": 2634,
        "y": 1795,
      },
      {
        "condition": 48,
        "gauge": 49,
        "x": 4144,
        "y": 2580,
      },
      {
        "condition": 72,
        "gauge": 0,
        "x": 3404,
        "y": 200,
      },
      {
        "condition": 59,
        "gauge": 0,
        "x": 4952,
        "y": 2544,
      },
      {
        "condition": 66,
        "gauge": 0,
        "x": 3886,
        "y": 2162,
      },
      {
        "condition": 66,
        "gauge": 43,
        "x": 3030,
        "y": 1942,
      },
      {
        "condition": 57,
        "gauge": 0,
        "x": 1903,
        "y": 2518,
      },
      {
        "condition": 53,
        "gauge": 0,
        "x": 4917,
        "y": 5793,
      },
      {
        "condition": 53,
        "gauge": 0,
        "x": 3796,
        "y": 4090,
      },
      {
        "condition": 46,
        "gauge": 0,
        "x": 2942,
        "y": 5889,
      },
      {
        "condition": 50,
        "gauge": 0,
        "x": 1848,
        "y": 6036,
      },
      {
        "condition": 51,
        "gauge": 0,
        "x": 3814,
        "y": 7956,
      },
      {
        "condition": 50,
        "gauge": 0,
        "x": 3257,
        "y": 7565,
      },
    ],
    "1500": [
      {
        "condition": 71,
        "gauge": 0,
        "x": 3402,
        "y": 10300,
      },
      {
        "condition": 44,
        "gauge": 0,
        "x": 1160,
        "y": 7022,
      },
      {
        "condition": 56,
        "gauge": 0,
        "x": 2748,
        "y": 7841,
      },
      {
        "condition": 61,
        "gauge": 0,
        "x": 4091,
        "y": 8092,
      },
      {
        "condition": 42,
        "gauge": 0,
        "x": 5661,
        "y": 7016,
      },
      {
        "condition": 35,
        "gauge": 0,
        "x": 1173,
        "y": 5725,
      },
      {
        "condition": 33,
        "gauge": 0,
        "x": 2693,
        "y": 5516,
      },
      {
        "condition": 26,
        "gauge": 0,
        "x": 3951,
        "y": 4494,
      },
      {
        "condition": 30,
        "gauge": 0,
        "x": 5604,
        "y": 5484,
      },
      {
        "condition": 46,
        "gauge": 0,
        "x": 2670,
        "y": 1838,
      },
      {
        "condition": 29,
        "gauge": 0,
        "x": 3456,
        "y": 3765,
      },
      {
        "condition": 70,
        "gauge": 0,
        "x": 3404,
        "y": 240,
      },
      {
        "condition": 46,
        "gauge": 0,
        "x": 4928,
        "y": 2251,
      },
      {
        "condition": 58,
        "gauge": 0,
        "x": 3841,
        "y": 1815,
      },
      {
        "condition": 60,
        "gauge": 21,
        "x": 3002,
        "y": 1942,
      },
      {
        "condition": 44,
        "gauge": 0,
        "x": 1893,
        "y": 1990,
      },
      {
        "condition": 37,
        "gauge": 0,
        "x": 4912,
        "y": 3688,
      },
      {
        "condition": 38,
        "gauge": 0,
        "x": 3552,
        "y": 3960,
      },
      {
        "condition": 28,
        "gauge": 0,
        "x": 2968,
        "y": 4911,
      },
      {
        "condition": 32,
        "gauge": 0,
        "x": 1637,
        "y": 3495,
      },
      {
        "condition": 34,
        "gauge": 0,
        "x": 3830,
        "y": 7773,
      },
      {
        "condition": 32,
        "gauge": 0,
        "x": 2899,
        "y": 7346,
      },
    ],
    "2000": [
      {
        "condition": 59,
        "gauge": 0,
        "x": 3398,
        "y": 10300,
      },
      {
        "condition": 28,
        "gauge": 0,
        "x": 1277,
        "y": 7307,
      },
      {
        "condition": 43,
        "gauge": 0,
        "x": 2725,
        "y": 7867,
      },
      {
        "condition": 49,
        "gauge": 0,
        "x": 4047,
        "y": 8132,
      },
      {
        "condition": 25,
        "gauge": 0,
        "x": 5533,
        "y": 7340,
      },
      {
        "condition": 17,
        "gauge": 0,
        "x": 928,
        "y": 5687,
      },
      {
        "condition": 14,
        "gauge": 0,
        "x": 2650,
        "y": 5460,
      },
      {
        "condition": 6,
        "gauge": 0,
        "x": 4151,
        "y": 4329,
      },
      {
        "condition": 10,
        "gauge": 0,
        "x": 5853,
        "y": 5542,
      },
      {
        "condition": 28,
        "gauge": 0,
        "x": 2941,
        "y": 3062,
      },
      {
        "condition": 7,
        "gauge": 0,
        "x": 3397,
        "y": 4329,
      },
      {
        "condition": 61,
        "gauge": 0,
        "x": 3397,
        "y": 200,
      },
      {
        "condition": 34,
        "gauge": 0,
        "x": 5102,
        "y": 2482,
      },
      {
        "condition": 47,
        "gauge": 0,
        "x": 3818,
        "y": 1967,
      },
      {
        "condition": 50,
        "gauge": 0,
        "x": 2950,
        "y": 1943,
      },
      {
        "condition": 30,
        "gauge": 0,
        "x": 1734,
        "y": 2283,
      },
      {
        "condition": 24,
        "gauge": 0,
        "x": 4709,
        "y": 3545,
      },
      {
        "condition": 24,
        "gauge": 0,
        "x": 3664,
        "y": 3619,
      },
      {
        "condition": 13,
        "gauge": 0,
        "x": 3345,
        "y": 4411,
      },
      {
        "condition": 18,
        "gauge": 0,
        "x": 2055,
        "y": 3288,
      },
      {
        "condition": 16,
        "gauge": 0,
        "x": 3743,
        "y": 4795,
      },
      {
        "condition": 12,
        "gauge": 0,
        "x": 3040,
        "y": 6778,
      },
    ],
    "500": [
      {
        "condition": 87,
        "gauge": 0,
        "x": 3400,
        "y": 10277,
      },
      {
        "condition": 79,
        "gauge": 0,
        "x": 1132,
        "y": 7808,
      },
      {
        "condition": 82,
        "gauge": 0,
        "x": 2705,
        "y": 8051,
      },
      {
        "condition": 85,
        "gauge": 0,
        "x": 4066,
        "y": 8109,
      },
      {
        "condition": 79,
        "gauge": 0,
        "x": 5664,
        "y": 7775,
      },
      {
        "condition": 77,
        "gauge": 0,
        "x": 940,
        "y": 5934,
      },
      {
        "condition": 76,
        "gauge": 0,
        "x": 2698,
        "y": 6117,
      },
      {
        "condition": 75,
        "gauge": 0,
        "x": 4091,
        "y": 6062,
      },
      {
        "condition": 76,
        "gauge": 0,
        "x": 5849,
        "y": 5895,
      },
      {
        "condition": 76,
        "gauge": 24,
        "x": 3400,
        "y": 4832,
      },
      {
        "condition": 75,
        "gauge": 1,
        "x": 4113,
        "y": 4802,
      },
      {
        "condition": 85,
        "gauge": 0,
        "x": 3400,
        "y": 212,
      },
      {
        "condition": 81,
        "gauge": 0,
        "x": 4980,
        "y": 2393,
      },
      {
        "condition": 83,
        "gauge": 0,
        "x": 3814,
        "y": 2020,
      },
      {
        "condition": 84,
        "gauge": 55,
        "x": 2986,
        "y": 1942,
      },
      {
        "condition": 79,
        "gauge": 0,
        "x": 1859,
        "y": 2363,
      },
      {
        "condition": 77,
        "gauge": 0,
        "x": 4719,
        "y": 3545,
      },
      {
        "condition": 77,
        "gauge": 0,
        "x": 3694,
        "y": 3831,
      },
      {
        "condition": 73,
        "gauge": 0,
        "x": 3047,
        "y": 4376,
      },
      {
        "condition": 75,
        "gauge": 0,
        "x": 2081,
        "y": 3496,
      },
      {
        "condition": 77,
        "gauge": 0,
        "x": 3461,
        "y": 4939,
      },
      {
        "condition": 75,
        "gauge": 0,
        "x": 2907,
        "y": 5670,
      },
    ],
  },
  "score": [
    0,
    2,
  ],
}
`;
