// Jest Snapshot v1, https://goo.gl/fbAQLP

exports[`M0 acceptance suite (Task 13) golden replay full event payloads, score, and a state fingerprint are locked for a taped envelope 1`] = `
{
  "events": [
    {
      "half": 1,
      "kind": "KICKOFF",
      "t": 0,
    },
    {
      "by": 20,
      "contact": true,
      "kind": "TACKLE",
      "on": 9,
      "style": "standing",
      "t": 7,
      "won": false,
    },
    {
      "from": 9,
      "kind": "PASS",
      "ok": true,
      "t": 10,
      "to": 10,
    },
    {
      "by": 20,
      "contact": true,
      "kind": "TACKLE",
      "on": 10,
      "style": "standing",
      "t": 17,
      "won": false,
    },
    {
      "from": 10,
      "kind": "PASS",
      "ok": true,
      "t": 25,
      "to": 9,
    },
    {
      "from": 9,
      "kind": "PASS",
      "ok": true,
      "t": 35,
      "to": 10,
    },
    {
      "by": 17,
      "contact": true,
      "kind": "TACKLE",
      "on": 10,
      "style": "standing",
      "t": 37,
      "won": false,
    },
    {
      "from": 10,
      "kind": "PASS",
      "ok": true,
      "t": 40,
      "to": 9,
    },
    {
      "by": 14,
      "direction": {
        "x": 0.3486021845023233,
        "y": 0.9372707810233968,
      },
      "kind": "SLIDE_STARTED",
      "on": 9,
      "t": 45,
      "untilTick": 49,
    },
    {
      "by": 14,
      "contact": true,
      "kind": "TACKLE",
      "on": 9,
      "style": "slide",
      "t": 48,
      "won": false,
    },
    {
      "by": 17,
      "contact": true,
      "kind": "TACKLE",
      "on": 9,
      "style": "standing",
      "t": 49,
      "won": false,
    },
    {
      "by": 9,
      "kind": "SHOT",
      "power": 46,
      "t": 50,
      "trajectory": "lifted",
    },
    {
      "by": 9,
      "kind": "GOAL",
      "t": 59,
      "team": 0,
    },
    {
      "from": 20,
      "kind": "PASS",
      "ok": true,
      "t": 65,
      "to": 21,
    },
    {
      "by": 9,
      "contact": true,
      "kind": "TACKLE",
      "on": 21,
      "style": "standing",
      "t": 69,
      "won": false,
    },
    {
      "by": 9,
      "contact": true,
      "kind": "TACKLE",
      "on": 21,
      "style": "standing",
      "t": 79,
      "won": false,
    },
    {
      "from": 21,
      "kind": "PASS",
      "ok": true,
      "t": 80,
      "to": 20,
    },
    {
      "by": 7,
      "contact": true,
      "kind": "TACKLE",
      "on": 20,
      "style": "standing",
      "t": 94,
      "won": false,
    },
    {
      "from": 20,
      "kind": "PASS",
      "ok": true,
      "t": 100,
      "to": 21,
    },
    {
      "from": 21,
      "kind": "PASS",
      "ok": true,
      "t": 105,
      "to": 20,
    },
    {
      "by": 3,
      "direction": {
        "x": -0.38914404424107674,
        "y": -0.9211769172269239,
      },
      "kind": "SLIDE_STARTED",
      "on": 20,
      "t": 108,
      "untilTick": 112,
    },
    {
      "by": 20,
      "kind": "SHOT",
      "power": 46,
      "t": 110,
      "trajectory": "driven",
    },
    {
      "by": 3,
      "contact": false,
      "kind": "TACKLE",
      "on": 20,
      "style": "slide",
      "t": 111,
      "won": false,
    },
    {
      "by": 0,
      "kind": "SAVE",
      "resolveLeft": 92,
      "t": 116,
    },
    {
      "from": 0,
      "kind": "PASS",
      "ok": true,
      "t": 122,
      "to": 7,
    },
    {
      "from": 7,
      "kind": "PASS",
      "ok": true,
      "t": 135,
      "to": 6,
    },
    {
      "from": 6,
      "kind": "PASS",
      "ok": true,
      "t": 140,
      "to": 5,
    },
    {
      "from": 5,
      "kind": "PASS",
      "ok": true,
      "t": 150,
      "to": 7,
    },
    {
      "from": 7,
      "kind": "PASS",
      "ok": true,
      "t": 160,
      "to": 10,
    },
    {
      "by": 17,
      "contact": true,
      "kind": "TACKLE",
      "on": 10,
      "style": "standing",
      "t": 169,
      "won": false,
    },
    {
      "by": 17,
      "contact": true,
      "kind": "TACKLE",
      "on": 10,
      "style": "standing",
      "t": 179,
      "won": false,
    },
    {
      "by": 17,
      "contact": true,
      "kind": "TACKLE",
      "on": 10,
      "style": "standing",
      "t": 189,
      "won": true,
    },
    {
      "from": 17,
      "kind": "PASS",
      "ok": true,
      "t": 190,
      "to": 18,
    },
    {
      "from": 18,
      "kind": "PASS",
      "ok": true,
      "t": 195,
      "to": 21,
    },
    {
      "from": 21,
      "kind": "PASS",
      "ok": false,
      "t": 205,
      "to": 20,
    },
    {
      "from": 3,
      "kind": "PASS",
      "ok": true,
      "t": 215,
      "to": 7,
    },
    {
      "from": 7,
      "kind": "PASS",
      "ok": true,
      "t": 225,
      "to": 10,
    },
    {
      "from": 10,
      "kind": "PASS",
      "ok": true,
      "t": 235,
      "to": 7,
    },
    {
      "from": 7,
      "kind": "PASS",
      "ok": true,
      "t": 240,
      "to": 9,
    },
    {
      "by": 14,
      "direction": {
        "x": 0.16635086251222492,
        "y": 0.9860666258125963,
      },
      "kind": "SLIDE_STARTED",
      "on": 9,
      "t": 248,
      "untilTick": 252,
    },
    {
      "by": 9,
      "kind": "SHOT",
      "power": 46,
      "t": 250,
      "trajectory": "driven",
    },
    {
      "by": 14,
      "contact": false,
      "kind": "TACKLE",
      "on": 9,
      "style": "slide",
      "t": 251,
      "won": false,
    },
    {
      "by": 11,
      "kind": "SAVE",
      "resolveLeft": 92,
      "t": 256,
    },
    {
      "from": 11,
      "kind": "PASS",
      "ok": true,
      "t": 262,
      "to": 18,
    },
    {
      "from": 18,
      "kind": "PASS",
      "ok": true,
      "t": 275,
      "to": 17,
    },
    {
      "from": 17,
      "kind": "PASS",
      "ok": true,
      "t": 280,
      "to": 18,
    },
    {
      "from": 18,
      "kind": "PASS",
      "ok": true,
      "t": 285,
      "to": 17,
    },
    {
      "from": 17,
      "kind": "PASS",
      "ok": true,
      "t": 290,
      "to": 18,
    },
    {
      "from": 18,
      "kind": "PASS",
      "ok": true,
      "t": 295,
      "to": 17,
    },
    {
      "from": 17,
      "kind": "PASS",
      "ok": true,
      "t": 300,
      "to": 21,
    },
    {
      "by": 6,
      "contact": true,
      "kind": "TACKLE",
      "on": 21,
      "style": "standing",
      "t": 311,
      "won": false,
    },
    {
      "by": 6,
      "contact": true,
      "kind": "TACKLE",
      "on": 21,
      "style": "standing",
      "t": 321,
      "won": false,
    },
    {
      "by": 6,
      "contact": true,
      "kind": "TACKLE",
      "on": 21,
      "style": "standing",
      "t": 331,
      "won": true,
    },
    {
      "by": 21,
      "contact": true,
      "kind": "TACKLE",
      "on": 6,
      "style": "standing",
      "t": 332,
      "won": false,
    },
    {
      "from": 6,
      "kind": "PASS",
      "ok": true,
      "t": 335,
      "to": 7,
    },
    {
      "from": 7,
      "kind": "PASS",
      "ok": true,
      "t": 340,
      "to": 10,
    },
    {
      "by": 17,
      "contact": true,
      "kind": "TACKLE",
      "on": 10,
      "style": "standing",
      "t": 352,
      "won": false,
    },
    {
      "by": 17,
      "contact": true,
      "kind": "TACKLE",
      "on": 10,
      "style": "standing",
      "t": 362,
      "won": true,
    },
    {
      "by": 10,
      "contact": true,
      "kind": "TACKLE",
      "on": 17,
      "style": "standing",
      "t": 363,
      "won": false,
    },
    {
      "from": 17,
      "kind": "PASS",
      "ok": true,
      "t": 365,
      "to": 20,
    },
    {
      "from": 20,
      "kind": "PASS",
      "ok": false,
      "t": 375,
      "to": 21,
    },
    {
      "from": 7,
      "kind": "PASS",
      "ok": true,
      "t": 385,
      "to": 9,
    },
    {
      "kind": "POWER_READY",
      "player": 9,
      "t": 393,
    },
    {
      "kind": "POWER_FIRED",
      "player": 9,
      "power": "FIRE_TORCH",
      "strength": 1,
      "t": 409,
    },
    {
      "kind": "IGNITED",
      "player": 14,
      "t": 409,
    },
    {
      "by": 17,
      "contact": true,
      "kind": "TACKLE",
      "on": 9,
      "style": "standing",
      "t": 410,
      "won": false,
    },
    {
      "by": 9,
      "kind": "SHOT",
      "power": 71,
      "t": 415,
      "trajectory": "driven",
    },
    {
      "by": 9,
      "kind": "GOAL",
      "t": 424,
      "team": 0,
    },
    {
      "kind": "EXTINGUISHED",
      "player": 14,
      "t": 429,
    },
    {
      "from": 20,
      "kind": "PASS",
      "ok": true,
      "t": 430,
      "to": 21,
    },
    {
      "by": 9,
      "contact": true,
      "kind": "TACKLE",
      "on": 21,
      "style": "standing",
      "t": 434,
      "won": false,
    },
    {
      "from": 21,
      "kind": "PASS",
      "ok": false,
      "t": 440,
      "to": 20,
    },
    {
      "from": 7,
      "kind": "PASS",
      "ok": true,
      "t": 445,
      "to": 10,
    },
    {
      "from": 10,
      "kind": "PASS",
      "ok": true,
      "t": 455,
      "to": 9,
    },
    {
      "from": 9,
      "kind": "PASS",
      "ok": true,
      "t": 465,
      "to": 10,
    },
    {
      "by": 17,
      "contact": true,
      "kind": "TACKLE",
      "on": 10,
      "style": "standing",
      "t": 472,
      "won": false,
    },
    {
      "from": 10,
      "kind": "PASS",
      "ok": false,
      "t": 475,
      "to": 9,
    },
    {
      "kind": "POWER_READY",
      "player": 14,
      "t": 483,
    },
    {
      "kind": "POWER_FIRED",
      "player": 14,
      "power": "SUPER_STRENGTH",
      "strength": 0.85,
      "t": 489,
    },
    {
      "by": 14,
      "contact": true,
      "kind": "TACKLE",
      "on": 9,
      "style": "power",
      "t": 489,
      "won": true,
    },
    {
      "from": 14,
      "kind": "PASS",
      "ok": false,
      "t": 490,
      "to": 18,
    },
    {
      "by": 18,
      "contact": true,
      "kind": "TACKLE",
      "on": 6,
      "style": "standing",
      "t": 498,
      "won": false,
    },
    {
      "from": 6,
      "kind": "PASS",
      "ok": true,
      "t": 500,
      "to": 10,
    },
    {
      "by": 17,
      "contact": true,
      "kind": "TACKLE",
      "on": 10,
      "style": "standing",
      "t": 520,
      "won": false,
    },
    {
      "by": 14,
      "direction": {
        "x": 0.43972914298374205,
        "y": 0.8981304364126537,
      },
      "kind": "SLIDE_STARTED",
      "on": 10,
      "t": 521,
      "untilTick": 525,
    },
    {
      "by": 14,
      "contact": true,
      "kind": "TACKLE",
      "on": 10,
      "style": "slide",
      "t": 524,
      "won": true,
    },
    {
      "from": 14,
      "kind": "PASS",
      "ok": true,
      "t": 530,
      "to": 18,
    },
    {
      "from": 18,
      "kind": "PASS",
      "ok": true,
      "t": 535,
      "to": 21,
    },
    {
      "by": 6,
      "contact": true,
      "kind": "TACKLE",
      "on": 21,
      "style": "standing",
      "t": 549,
      "won": false,
    },
    {
      "from": 21,
      "kind": "PASS",
      "ok": true,
      "t": 550,
      "to": 18,
    },
    {
      "from": 18,
      "kind": "PASS",
      "ok": true,
      "t": 555,
      "to": 20,
    },
    {
      "by": 3,
      "direction": {
        "x": -0.1835796232838485,
        "y": -0.9830048432815375,
      },
      "kind": "SLIDE_STARTED",
      "on": 20,
      "t": 564,
      "untilTick": 568,
    },
    {
      "by": 20,
      "kind": "SHOT",
      "power": 45,
      "t": 565,
      "trajectory": "driven",
    },
    {
      "by": 3,
      "contact": false,
      "kind": "TACKLE",
      "on": 20,
      "style": "slide",
      "t": 567,
      "won": false,
    },
    {
      "by": 20,
      "kind": "MISS",
      "t": 574,
    },
    {
      "by": 20,
      "contact": true,
      "kind": "TACKLE",
      "on": 10,
      "style": "standing",
      "t": 581,
      "won": false,
    },
    {
      "by": 20,
      "contact": true,
      "kind": "TACKLE",
      "on": 10,
      "style": "standing",
      "t": 591,
      "won": false,
    },
    {
      "by": 18,
      "contact": true,
      "kind": "TACKLE",
      "on": 10,
      "style": "standing",
      "t": 597,
      "won": false,
    },
    {
      "by": 20,
      "contact": true,
      "kind": "TACKLE",
      "on": 10,
      "style": "standing",
      "t": 601,
      "won": false,
    },
    {
      "by": 20,
      "contact": true,
      "kind": "TACKLE",
      "on": 10,
      "style": "standing",
      "t": 611,
      "won": false,
    },
    {
      "by": 20,
      "contact": true,
      "kind": "TACKLE",
      "on": 10,
      "style": "standing",
      "t": 621,
      "won": false,
    },
    {
      "by": 20,
      "contact": true,
      "kind": "TACKLE",
      "on": 10,
      "style": "standing",
      "t": 631,
      "won": false,
    },
    {
      "kind": "RECOVERED",
      "player": 9,
      "t": 639,
    },
    {
      "by": 14,
      "direction": {
        "x": 0.39317772535085854,
        "y": 0.9194624931382056,
      },
      "kind": "SLIDE_STARTED",
      "on": 10,
      "t": 640,
      "untilTick": 644,
    },
    {
      "by": 14,
      "contact": true,
      "kind": "TACKLE",
      "on": 10,
      "style": "slide",
      "t": 643,
      "won": true,
    },
    {
      "by": 10,
      "contact": true,
      "kind": "TACKLE",
      "on": 14,
      "style": "standing",
      "t": 649,
      "won": false,
    },
    {
      "from": 14,
      "kind": "PASS",
      "ok": true,
      "t": 650,
      "to": 18,
    },
    {
      "from": 18,
      "kind": "PASS",
      "ok": true,
      "t": 655,
      "to": 21,
    },
    {
      "by": 6,
      "contact": true,
      "kind": "TACKLE",
      "on": 21,
      "style": "standing",
      "t": 669,
      "won": false,
    },
    {
      "by": 6,
      "contact": true,
      "kind": "TACKLE",
      "on": 21,
      "style": "standing",
      "t": 679,
      "won": false,
    },
    {
      "by": 6,
      "contact": true,
      "kind": "TACKLE",
      "on": 21,
      "style": "standing",
      "t": 689,
      "won": true,
    },
    {
      "from": 6,
      "kind": "PASS",
      "ok": false,
      "t": 690,
      "to": 10,
    },
    {
      "from": 16,
      "kind": "PASS",
      "ok": true,
      "t": 710,
      "to": 21,
    },
    {
      "by": 6,
      "contact": true,
      "kind": "TACKLE",
      "on": 21,
      "style": "standing",
      "t": 728,
      "won": false,
    },
    {
      "by": 6,
      "contact": true,
      "kind": "TACKLE",
      "on": 21,
      "style": "standing",
      "t": 738,
      "won": true,
    },
    {
      "by": 21,
      "contact": true,
      "kind": "TACKLE",
      "on": 6,
      "style": "standing",
      "t": 739,
      "won": false,
    },
    {
      "from": 6,
      "kind": "PASS",
      "ok": true,
      "t": 740,
      "to": 10,
    },
    {
      "by": 17,
      "contact": true,
      "kind": "TACKLE",
      "on": 10,
      "style": "standing",
      "t": 753,
      "won": false,
    },
    {
      "by": 17,
      "contact": true,
      "kind": "TACKLE",
      "on": 10,
      "style": "standing",
      "t": 763,
      "won": false,
    },
    {
      "kind": "POWER_READY",
      "player": 14,
      "t": 771,
    },
    {
      "kind": "POWER_FIRED",
      "player": 14,
      "power": "SUPER_STRENGTH",
      "strength": 0.85,
      "t": 777,
    },
    {
      "by": 14,
      "contact": true,
      "kind": "TACKLE",
      "on": 10,
      "style": "power",
      "t": 777,
      "won": true,
    },
    {
      "from": 14,
      "kind": "PASS",
      "ok": true,
      "t": 780,
      "to": 21,
    },
    {
      "by": 6,
      "contact": true,
      "kind": "TACKLE",
      "on": 21,
      "style": "standing",
      "t": 793,
      "won": false,
    },
    {
      "by": 6,
      "contact": true,
      "kind": "TACKLE",
      "on": 21,
      "style": "standing",
      "t": 803,
      "won": false,
    },
    {
      "by": 6,
      "contact": true,
      "kind": "TACKLE",
      "on": 21,
      "style": "standing",
      "t": 813,
      "won": false,
    },
    {
      "by": 6,
      "contact": true,
      "kind": "TACKLE",
      "on": 21,
      "style": "standing",
      "t": 823,
      "won": false,
    },
    {
      "by": 6,
      "contact": true,
      "kind": "TACKLE",
      "on": 21,
      "style": "standing",
      "t": 833,
      "won": false,
    },
    {
      "by": 6,
      "contact": true,
      "kind": "TACKLE",
      "on": 21,
      "style": "standing",
      "t": 843,
      "won": true,
    },
    {
      "by": 21,
      "contact": true,
      "kind": "TACKLE",
      "on": 6,
      "style": "standing",
      "t": 844,
      "won": false,
    },
    {
      "from": 6,
      "kind": "PASS",
      "ok": true,
      "t": 845,
      "to": 7,
    },
    {
      "from": 7,
      "kind": "PASS",
      "ok": true,
      "t": 860,
      "to": 5,
    },
    {
      "from": 5,
      "kind": "PASS",
      "ok": true,
      "t": 870,
      "to": 7,
    },
    {
      "by": 18,
      "contact": true,
      "kind": "TACKLE",
      "on": 7,
      "style": "standing",
      "t": 883,
      "won": false,
    },
    {
      "from": 7,
      "kind": "PASS",
      "ok": true,
      "t": 885,
      "to": 6,
    },
    {
      "from": 6,
      "kind": "PASS",
      "ok": true,
      "t": 890,
      "to": 7,
    },
    {
      "by": 18,
      "contact": true,
      "kind": "TACKLE",
      "on": 7,
      "style": "standing",
      "t": 896,
      "won": true,
    },
    {
      "by": 7,
      "contact": true,
      "kind": "TACKLE",
      "on": 18,
      "style": "standing",
      "t": 897,
      "won": false,
    },
    {
      "from": 18,
      "kind": "PASS",
      "ok": true,
      "t": 900,
      "to": 20,
    },
    {
      "from": 20,
      "kind": "PASS",
      "ok": true,
      "t": 910,
      "to": 21,
    },
    {
      "from": 21,
      "kind": "PASS",
      "ok": true,
      "t": 915,
      "to": 20,
    },
    {
      "by": 20,
      "kind": "SHOT",
      "power": 44,
      "t": 925,
      "trajectory": "driven",
    },
    {
      "kind": "RECOVERED",
      "player": 10,
      "t": 927,
    },
    {
      "by": 0,
      "kind": "SAVE",
      "resolveLeft": 85,
      "t": 932,
    },
    {
      "from": 0,
      "kind": "PASS",
      "ok": true,
      "t": 938,
      "to": 7,
    },
    {
      "from": 7,
      "kind": "PASS",
      "ok": true,
      "t": 955,
      "to": 6,
    },
    {
      "from": 6,
      "kind": "PASS",
      "ok": true,
      "t": 960,
      "to": 5,
    },
    {
      "from": 5,
      "kind": "PASS",
      "ok": true,
      "t": 970,
      "to": 7,
    },
    {
      "from": 7,
      "kind": "PASS",
      "ok": false,
      "t": 980,
      "to": 10,
    },
    {
      "from": 13,
      "kind": "PASS",
      "ok": false,
      "t": 995,
      "to": 18,
    },
    {
      "kind": "HALF_TIME",
      "t": 1001,
    },
    {
      "half": 2,
      "kind": "KICKOFF",
      "t": 1001,
    },
    {
      "by": 9,
      "contact": true,
      "kind": "TACKLE",
      "on": 20,
      "style": "standing",
      "t": 1008,
      "won": false,
    },
    {
      "from": 20,
      "kind": "PASS",
      "ok": true,
      "t": 1015,
      "to": 21,
    },
    {
      "by": 9,
      "contact": true,
      "kind": "TACKLE",
      "on": 21,
      "style": "standing",
      "t": 1022,
      "won": false,
    },
    {
      "from": 21,
      "kind": "PASS",
      "ok": true,
      "t": 1030,
      "to": 20,
    },
    {
      "by": 6,
      "contact": true,
      "kind": "TACKLE",
      "on": 20,
      "style": "standing",
      "t": 1037,
      "won": false,
    },
    {
      "from": 20,
      "kind": "PASS",
      "ok": true,
      "t": 1040,
      "to": 21,
    },
    {
      "by": 6,
      "contact": true,
      "kind": "TACKLE",
      "on": 21,
      "style": "standing",
      "t": 1047,
      "won": false,
    },
    {
      "by": 21,
      "kind": "SHOT",
      "power": 44,
      "t": 1055,
      "trajectory": "driven",
    },
    {
      "by": 21,
      "kind": "GOAL",
      "t": 1064,
      "team": 1,
    },
    {
      "by": 20,
      "contact": true,
      "kind": "TACKLE",
      "on": 9,
      "style": "standing",
      "t": 1071,
      "won": false,
    },
    {
      "from": 9,
      "kind": "PASS",
      "ok": true,
      "t": 1075,
      "to": 10,
    },
    {
      "by": 20,
      "contact": true,
      "kind": "TACKLE",
      "on": 10,
      "style": "standing",
      "t": 1081,
      "won": false,
    },
    {
      "from": 10,
      "kind": "PASS",
      "ok": true,
      "t": 1090,
      "to": 9,
    },
    {
      "by": 17,
      "contact": true,
      "kind": "TACKLE",
      "on": 9,
      "style": "standing",
      "t": 1098,
      "won": false,
    },
    {
      "from": 9,
      "kind": "PASS",
      "ok": true,
      "t": 1100,
      "to": 10,
    },
    {
      "from": 10,
      "kind": "PASS",
      "ok": true,
      "t": 1105,
      "to": 9,
    },
    {
      "by": 17,
      "contact": true,
      "kind": "TACKLE",
      "on": 9,
      "style": "standing",
      "t": 1111,
      "won": false,
    },
    {
      "by": 14,
      "direction": {
        "x": 0.3830996167360186,
        "y": 0.923707033456342,
      },
      "kind": "SLIDE_STARTED",
      "on": 9,
      "t": 1113,
      "untilTick": 1117,
    },
    {
      "by": 9,
      "kind": "SHOT",
      "power": 45,
      "t": 1115,
      "trajectory": "driven",
    },
    {
      "by": 14,
      "contact": false,
      "kind": "TACKLE",
      "on": 9,
      "style": "slide",
      "t": 1117,
      "won": false,
    },
    {
      "by": 11,
      "kind": "SAVE",
      "resolveLeft": 92,
      "t": 1121,
    },
    {
      "from": 11,
      "kind": "PASS",
      "ok": true,
      "t": 1127,
      "to": 18,
    },
    {
      "from": 18,
      "kind": "PASS",
      "ok": true,
      "t": 1140,
      "to": 17,
    },
    {
      "from": 17,
      "kind": "PASS",
      "ok": true,
      "t": 1145,
      "to": 18,
    },
    {
      "from": 18,
      "kind": "PASS",
      "ok": true,
      "t": 1150,
      "to": 17,
    },
    {
      "from": 17,
      "kind": "PASS",
      "ok": true,
      "t": 1155,
      "to": 18,
    },
    {
      "from": 18,
      "kind": "PASS",
      "ok": true,
      "t": 1160,
      "to": 17,
    },
    {
      "from": 17,
      "kind": "PASS",
      "ok": true,
      "t": 1165,
      "to": 21,
    },
    {
      "by": 6,
      "contact": true,
      "kind": "TACKLE",
      "on": 21,
      "style": "standing",
      "t": 1175,
      "won": true,
    },
    {
      "by": 21,
      "contact": true,
      "kind": "TACKLE",
      "on": 6,
      "style": "standing",
      "t": 1176,
      "won": false,
    },
    {
      "from": 6,
      "kind": "PASS",
      "ok": true,
      "t": 1180,
      "to": 10,
    },
    {
      "by": 17,
      "contact": true,
      "kind": "TACKLE",
      "on": 10,
      "style": "standing",
      "t": 1195,
      "won": false,
    },
    {
      "by": 17,
      "contact": true,
      "kind": "TACKLE",
      "on": 10,
      "style": "standing",
      "t": 1205,
      "won": false,
    },
    {
      "by": 17,
      "contact": true,
      "kind": "TACKLE",
      "on": 10,
      "style": "standing",
      "t": 1215,
      "won": false,
    },
    {
      "by": 17,
      "contact": true,
      "kind": "TACKLE",
      "on": 10,
      "style": "standing",
      "t": 1225,
      "won": false,
    },
    {
      "by": 17,
      "contact": true,
      "kind": "TACKLE",
      "on": 10,
      "style": "standing",
      "t": 1235,
      "won": true,
    },
    {
      "by": 10,
      "contact": true,
      "kind": "TACKLE",
      "on": 17,
      "style": "standing",
      "t": 1236,
      "won": false,
    },
    {
      "from": 17,
      "kind": "PASS",
      "ok": true,
      "t": 1240,
      "to": 21,
    },
    {
      "by": 6,
      "contact": true,
      "kind": "TACKLE",
      "on": 21,
      "style": "standing",
      "t": 1255,
      "won": false,
    },
    {
      "by": 6,
      "contact": true,
      "kind": "TACKLE",
      "on": 21,
      "style": "standing",
      "t": 1265,
      "won": false,
    },
    {
      "by": 6,
      "contact": true,
      "kind": "TACKLE",
      "on": 21,
      "style": "standing",
      "t": 1275,
      "won": false,
    },
    {
      "by": 6,
      "contact": true,
      "kind": "TACKLE",
      "on": 21,
      "style": "standing",
      "t": 1285,
      "won": true,
    },
    {
      "by": 21,
      "contact": true,
      "kind": "TACKLE",
      "on": 6,
      "style": "standing",
      "t": 1286,
      "won": false,
    },
    {
      "from": 6,
      "kind": "PASS",
      "ok": true,
      "t": 1290,
      "to": 10,
    },
    {
      "by": 17,
      "contact": true,
      "kind": "TACKLE",
      "on": 10,
      "style": "standing",
      "t": 1303,
      "won": true,
    },
    {
      "by": 10,
      "contact": true,
      "kind": "TACKLE",
      "on": 17,
      "style": "standing",
      "t": 1304,
      "won": false,
    },
    {
      "from": 17,
      "kind": "PASS",
      "ok": true,
      "t": 1305,
      "to": 21,
    },
    {
      "by": 6,
      "contact": true,
      "kind": "TACKLE",
      "on": 21,
      "style": "standing",
      "t": 1323,
      "won": false,
    },
    {
      "by": 6,
      "contact": true,
      "kind": "TACKLE",
      "on": 21,
      "style": "standing",
      "t": 1333,
      "won": false,
    },
    {
      "by": 6,
      "contact": true,
      "kind": "TACKLE",
      "on": 21,
      "style": "standing",
      "t": 1343,
      "won": false,
    },
    {
      "by": 6,
      "contact": true,
      "kind": "TACKLE",
      "on": 21,
      "style": "standing",
      "t": 1353,
      "won": false,
    },
    {
      "by": 21,
      "kind": "SHOT",
      "power": 43,
      "t": 1355,
      "trajectory": "lifted",
    },
    {
      "by": 21,
      "kind": "MISS",
      "t": 1364,
    },
    {
      "by": 20,
      "contact": true,
      "kind": "TACKLE",
      "on": 9,
      "style": "standing",
      "t": 1371,
      "won": true,
    },
    {
      "by": 9,
      "contact": true,
      "kind": "TACKLE",
      "on": 20,
      "style": "standing",
      "t": 1372,
      "won": false,
    },
    {
      "from": 20,
      "kind": "PASS",
      "ok": true,
      "t": 1375,
      "to": 21,
    },
    {
      "from": 21,
      "kind": "PASS",
      "ok": true,
      "t": 1380,
      "to": 20,
    },
    {
      "by": 9,
      "contact": true,
      "kind": "TACKLE",
      "on": 20,
      "style": "standing",
      "t": 1387,
      "won": false,
    },
    {
      "by": 7,
      "contact": true,
      "kind": "TACKLE",
      "on": 20,
      "style": "standing",
      "t": 1392,
      "won": false,
    },
    {
      "from": 20,
      "kind": "PASS",
      "ok": true,
      "t": 1395,
      "to": 18,
    },
    {
      "from": 18,
      "kind": "PASS",
      "ok": true,
      "t": 1400,
      "to": 21,
    },
    {
      "by": 6,
      "contact": true,
      "kind": "TACKLE",
      "on": 21,
      "style": "standing",
      "t": 1404,
      "won": false,
    },
    {
      "from": 21,
      "kind": "PASS",
      "ok": false,
      "t": 1410,
      "to": 20,
    },
    {
      "by": 20,
      "contact": true,
      "kind": "TACKLE",
      "on": 8,
      "style": "standing",
      "t": 1419,
      "won": false,
    },
    {
      "from": 8,
      "kind": "PASS",
      "ok": true,
      "t": 1420,
      "to": 7,
    },
    {
      "from": 7,
      "kind": "PASS",
      "ok": false,
      "t": 1425,
      "to": 9,
    },
    {
      "from": 13,
      "kind": "PASS",
      "ok": true,
      "t": 1440,
      "to": 21,
    },
    {
      "energyUse": "ALL_OUT",
      "kind": "ENERGY_USE_CHANGED",
      "t": 1444,
      "team": 1,
    },
    {
      "by": 6,
      "contact": true,
      "kind": "TACKLE",
      "on": 21,
      "style": "standing",
      "t": 1457,
      "won": false,
    },
    {
      "by": 6,
      "contact": true,
      "kind": "TACKLE",
      "on": 21,
      "style": "standing",
      "t": 1467,
      "won": false,
    },
    {
      "by": 6,
      "contact": true,
      "kind": "TACKLE",
      "on": 21,
      "style": "standing",
      "t": 1477,
      "won": false,
    },
    {
      "by": 6,
      "contact": true,
      "kind": "TACKLE",
      "on": 21,
      "style": "standing",
      "t": 1487,
      "won": false,
    },
    {
      "by": 6,
      "contact": true,
      "kind": "TACKLE",
      "on": 21,
      "style": "standing",
      "t": 1497,
      "won": true,
    },
    {
      "by": 21,
      "contact": true,
      "kind": "TACKLE",
      "on": 6,
      "style": "standing",
      "t": 1498,
      "won": false,
    },
    {
      "from": 6,
      "kind": "PASS",
      "ok": true,
      "t": 1500,
      "to": 10,
    },
    {
      "kind": "POWER_READY",
      "player": 10,
      "t": 1511,
    },
    {
      "by": 17,
      "contact": true,
      "kind": "TACKLE",
      "on": 10,
      "style": "standing",
      "t": 1515,
      "won": true,
    },
    {
      "by": 10,
      "contact": true,
      "kind": "TACKLE",
      "on": 17,
      "style": "standing",
      "t": 1516,
      "won": false,
    },
    {
      "from": 17,
      "kind": "PASS",
      "ok": true,
      "t": 1520,
      "to": 21,
    },
    {
      "by": 6,
      "contact": true,
      "kind": "TACKLE",
      "on": 21,
      "style": "standing",
      "t": 1534,
      "won": false,
    },
    {
      "by": 6,
      "contact": true,
      "kind": "TACKLE",
      "on": 21,
      "style": "standing",
      "t": 1544,
      "won": false,
    },
    {
      "by": 6,
      "contact": true,
      "kind": "TACKLE",
      "on": 21,
      "style": "standing",
      "t": 1554,
      "won": false,
    },
    {
      "by": 6,
      "contact": true,
      "kind": "TACKLE",
      "on": 21,
      "style": "standing",
      "t": 1564,
      "won": false,
    },
    {
      "by": 21,
      "kind": "SHOT",
      "power": 42,
      "t": 1570,
      "trajectory": "lifted",
    },
    {
      "by": 21,
      "kind": "MISS",
      "t": 1579,
    },
    {
      "kind": "POWER_READY",
      "player": 9,
      "t": 1586,
    },
    {
      "by": 20,
      "contact": true,
      "kind": "TACKLE",
      "on": 9,
      "style": "standing",
      "t": 1586,
      "won": false,
    },
    {
      "from": 9,
      "kind": "PASS",
      "ok": true,
      "t": 1590,
      "to": 10,
    },
    {
      "by": 20,
      "contact": true,
      "kind": "TACKLE",
      "on": 10,
      "style": "standing",
      "t": 1596,
      "won": false,
    },
    {
      "from": 10,
      "kind": "PASS",
      "ok": true,
      "t": 1600,
      "to": 9,
    },
    {
      "kind": "POWER_READY",
      "player": 14,
      "t": 1612,
    },
    {
      "kind": "POWER_FIRED",
      "player": 14,
      "power": "SUPER_STRENGTH",
      "strength": 0.85,
      "t": 1618,
    },
    {
      "by": 14,
      "contact": true,
      "kind": "TACKLE",
      "on": 9,
      "style": "power",
      "t": 1618,
      "won": true,
    },
    {
      "from": 14,
      "kind": "PASS",
      "ok": true,
      "t": 1620,
      "to": 21,
    },
    {
      "from": 21,
      "kind": "PASS",
      "ok": true,
      "t": 1630,
      "to": 20,
    },
    {
      "by": 6,
      "contact": true,
      "kind": "TACKLE",
      "on": 20,
      "style": "standing",
      "t": 1642,
      "won": false,
    },
    {
      "from": 20,
      "kind": "PASS",
      "ok": true,
      "t": 1645,
      "to": 21,
    },
    {
      "by": 6,
      "contact": true,
      "kind": "TACKLE",
      "on": 21,
      "style": "standing",
      "t": 1653,
      "won": true,
    },
    {
      "by": 21,
      "contact": true,
      "kind": "TACKLE",
      "on": 6,
      "style": "standing",
      "t": 1654,
      "won": false,
    },
    {
      "from": 6,
      "kind": "PASS",
      "ok": true,
      "t": 1655,
      "to": 10,
    },
    {
      "energyUse": "SAVE_ENERGY",
      "kind": "ENERGY_USE_CHANGED",
      "t": 1667,
      "team": 0,
    },
    {
      "energyUse": "SAVE_ENERGY",
      "kind": "ENERGY_USE_CHANGED",
      "t": 1667,
      "team": 1,
    },
    {
      "by": 17,
      "contact": true,
      "kind": "TACKLE",
      "on": 10,
      "style": "standing",
      "t": 1671,
      "won": false,
    },
    {
      "by": 17,
      "contact": true,
      "kind": "TACKLE",
      "on": 10,
      "style": "standing",
      "t": 1681,
      "won": false,
    },
    {
      "by": 17,
      "contact": true,
      "kind": "TACKLE",
      "on": 10,
      "style": "standing",
      "t": 1691,
      "won": false,
    },
    {
      "by": 17,
      "contact": true,
      "kind": "TACKLE",
      "on": 10,
      "style": "standing",
      "t": 1701,
      "won": false,
    },
    {
      "by": 17,
      "contact": true,
      "kind": "TACKLE",
      "on": 10,
      "style": "standing",
      "t": 1711,
      "won": false,
    },
    {
      "by": 17,
      "contact": true,
      "kind": "TACKLE",
      "on": 10,
      "style": "standing",
      "t": 1721,
      "won": false,
    },
    {
      "by": 10,
      "kind": "SHOT",
      "power": 43,
      "t": 1725,
      "trajectory": "driven",
    },
    {
      "by": 10,
      "kind": "MISS",
      "t": 1734,
    },
    {
      "by": 10,
      "contact": true,
      "kind": "TACKLE",
      "on": 20,
      "style": "standing",
      "t": 1743,
      "won": false,
    },
    {
      "from": 20,
      "kind": "PASS",
      "ok": true,
      "t": 1745,
      "to": 21,
    },
    {
      "by": 10,
      "contact": true,
      "kind": "TACKLE",
      "on": 21,
      "style": "standing",
      "t": 1753,
      "won": false,
    },
    {
      "from": 21,
      "kind": "PASS",
      "ok": true,
      "t": 1760,
      "to": 20,
    },
    {
      "kind": "RECOVERED",
      "player": 9,
      "t": 1768,
    },
    {
      "by": 7,
      "contact": true,
      "kind": "TACKLE",
      "on": 20,
      "style": "standing",
      "t": 1768,
      "won": false,
    },
    {
      "by": 7,
      "contact": true,
      "kind": "TACKLE",
      "on": 20,
      "style": "standing",
      "t": 1778,
      "won": true,
    },
    {
      "by": 20,
      "contact": true,
      "kind": "TACKLE",
      "on": 7,
      "style": "standing",
      "t": 1779,
      "won": true,
    },
    {
      "by": 7,
      "contact": true,
      "kind": "TACKLE",
      "on": 20,
      "style": "standing",
      "t": 1788,
      "won": true,
    },
    {
      "by": 20,
      "contact": true,
      "kind": "TACKLE",
      "on": 7,
      "style": "standing",
      "t": 1789,
      "won": false,
    },
    {
      "from": 7,
      "kind": "PASS",
      "ok": true,
      "t": 1790,
      "to": 10,
    },
    {
      "by": 17,
      "contact": true,
      "kind": "TACKLE",
      "on": 10,
      "style": "standing",
      "t": 1804,
      "won": false,
    },
    {
      "by": 17,
      "contact": true,
      "kind": "TACKLE",
      "on": 10,
      "style": "standing",
      "t": 1814,
      "won": false,
    },
    {
      "by": 17,
      "contact": true,
      "kind": "TACKLE",
      "on": 10,
      "style": "standing",
      "t": 1824,
      "won": false,
    },
    {
      "by": 17,
      "contact": true,
      "kind": "TACKLE",
      "on": 10,
      "style": "standing",
      "t": 1834,
      "won": true,
    },
    {
      "from": 17,
      "kind": "PASS",
      "ok": true,
      "t": 1835,
      "to": 21,
    },
    {
      "by": 6,
      "contact": true,
      "kind": "TACKLE",
      "on": 21,
      "style": "standing",
      "t": 1853,
      "won": true,
    },
    {
      "by": 21,
      "contact": true,
      "kind": "TACKLE",
      "on": 6,
      "style": "standing",
      "t": 1854,
      "won": false,
    },
    {
      "from": 6,
      "kind": "PASS",
      "ok": true,
      "t": 1855,
      "to": 10,
    },
    {
      "by": 17,
      "contact": true,
      "kind": "TACKLE",
      "on": 10,
      "style": "standing",
      "t": 1878,
      "won": false,
    },
    {
      "by": 17,
      "contact": true,
      "kind": "TACKLE",
      "on": 10,
      "style": "standing",
      "t": 1888,
      "won": false,
    },
    {
      "by": 10,
      "kind": "SHOT",
      "power": 42,
      "t": 1895,
      "trajectory": "driven",
    },
    {
      "by": 10,
      "kind": "MISS",
      "t": 1904,
    },
    {
      "by": 9,
      "contact": true,
      "kind": "TACKLE",
      "on": 20,
      "style": "standing",
      "t": 1912,
      "won": false,
    },
    {
      "from": 20,
      "kind": "PASS",
      "ok": true,
      "t": 1920,
      "to": 21,
    },
    {
      "by": 9,
      "contact": true,
      "kind": "TACKLE",
      "on": 21,
      "style": "standing",
      "t": 1928,
      "won": false,
    },
    {
      "from": 21,
      "kind": "PASS",
      "ok": true,
      "t": 1935,
      "to": 20,
    },
    {
      "from": 20,
      "kind": "PASS",
      "ok": true,
      "t": 1945,
      "to": 18,
    },
    {
      "from": 18,
      "kind": "PASS",
      "ok": true,
      "t": 1950,
      "to": 20,
    },
    {
      "from": 20,
      "kind": "PASS",
      "ok": true,
      "t": 1955,
      "to": 21,
    },
    {
      "by": 21,
      "kind": "SHOT",
      "power": 42,
      "t": 1960,
      "trajectory": "lifted",
    },
    {
      "by": 21,
      "kind": "MISS",
      "t": 1969,
    },
    {
      "by": 20,
      "contact": true,
      "kind": "TACKLE",
      "on": 9,
      "style": "standing",
      "t": 1977,
      "won": true,
    },
    {
      "by": 9,
      "contact": true,
      "kind": "TACKLE",
      "on": 20,
      "style": "standing",
      "t": 1978,
      "won": false,
    },
    {
      "from": 20,
      "kind": "PASS",
      "ok": true,
      "t": 1980,
      "to": 21,
    },
    {
      "from": 21,
      "kind": "PASS",
      "ok": true,
      "t": 1985,
      "to": 20,
    },
    {
      "by": 9,
      "contact": true,
      "kind": "TACKLE",
      "on": 20,
      "style": "standing",
      "t": 1995,
      "won": false,
    },
    {
      "kind": "FULL_TIME",
      "t": 2000,
    },
  ],
  "fingerprints": {
    "1000": [
      {
        "condition": 74,
        "gauge": 0,
        "x": 3412,
        "y": 10300,
      },
      {
        "condition": 58,
        "gauge": 0,
        "x": 1614,
        "y": 7580,
      },
      {
        "condition": 66,
        "gauge": 0,
        "x": 2991,
        "y": 8268,
      },
      {
        "condition": 69,
        "gauge": 0,
        "x": 4116,
        "y": 8286,
      },
      {
        "condition": 58,
        "gauge": 0,
        "x": 5329,
        "y": 7490,
      },
      {
        "condition": 51,
        "gauge": 0,
        "x": 1168,
        "y": 5497,
      },
      {
        "condition": 51,
        "gauge": 0,
        "x": 2811,
        "y": 5843,
      },
      {
        "condition": 46,
        "gauge": 0,
        "x": 3781,
        "y": 4112,
      },
      {
        "condition": 50,
        "gauge": 0,
        "x": 5754,
        "y": 5184,
      },
      {
        "condition": 60,
        "gauge": 22,
        "x": 2738,
        "y": 2047,
      },
      {
        "condition": 58,
        "gauge": 41,
        "x": 4319,
        "y": 2211,
      },
      {
        "condition": 73,
        "gauge": 0,
        "x": 3418,
        "y": 199,
      },
      {
        "condition": 59,
        "gauge": 0,
        "x": 5398,
        "y": 2372,
      },
      {
        "condition": 66,
        "gauge": 0,
        "x": 3699,
        "y": 2903,
      },
      {
        "condition": 67,
        "gauge": 13,
        "x": 2964,
        "y": 2096,
      },
      {
        "condition": 56,
        "gauge": 0,
        "x": 1522,
        "y": 2177,
      },
      {
        "condition": 52,
        "gauge": 0,
        "x": 4843,
        "y": 3610,
      },
      {
        "condition": 51,
        "gauge": 0,
        "x": 3890,
        "y": 3564,
      },
      {
        "condition": 46,
        "gauge": 0,
        "x": 3327,
        "y": 4164,
      },
      {
        "condition": 47,
        "gauge": 0,
        "x": 1935,
        "y": 3182,
      },
      {
        "condition": 51,
        "gauge": 0,
        "x": 3994,
        "y": 7703,
      },
      {
        "condition": 50,
        "gauge": 0,
        "x": 3282,
        "y": 6749,
      },
    ],
    "1500": [
      {
        "condition": 71,
        "gauge": 0,
        "x": 3374,
        "y": 10153,
      },
      {
        "condition": 48,
        "gauge": 0,
        "x": 1677,
        "y": 8447,
      },
      {
        "condition": 60,
        "gauge": 0,
        "x": 2867,
        "y": 8758,
      },
      {
        "condition": 64,
        "gauge": 0,
        "x": 3742,
        "y": 8558,
      },
      {
        "condition": 47,
        "gauge": 0,
        "x": 4958,
        "y": 8676,
      },
      {
        "condition": 39,
        "gauge": 0,
        "x": 1995,
        "y": 7100,
      },
      {
        "condition": 38,
        "gauge": 0,
        "x": 3173,
        "y": 7223,
      },
      {
        "condition": 32,
        "gauge": 0,
        "x": 3596,
        "y": 6358,
      },
      {
        "condition": 35,
        "gauge": 0,
        "x": 4687,
        "y": 7518,
      },
      {
        "condition": 47,
        "gauge": 68,
        "x": 2916,
        "y": 2978,
      },
      {
        "condition": 44,
        "gauge": 65,
        "x": 3584,
        "y": 3765,
      },
      {
        "condition": 69,
        "gauge": 0,
        "x": 3393,
        "y": 200,
      },
      {
        "condition": 48,
        "gauge": 0,
        "x": 5495,
        "y": 3338,
      },
      {
        "condition": 58,
        "gauge": 0,
        "x": 4004,
        "y": 2594,
      },
      {
        "condition": 60,
        "gauge": 62,
        "x": 2625,
        "y": 2446,
      },
      {
        "condition": 44,
        "gauge": 0,
        "x": 1149,
        "y": 3475,
      },
      {
        "condition": 38,
        "gauge": 0,
        "x": 5839,
        "y": 5256,
      },
      {
        "condition": 37,
        "gauge": 0,
        "x": 4067,
        "y": 4842,
      },
      {
        "condition": 29,
        "gauge": 0,
        "x": 2576,
        "y": 6863,
      },
      {
        "condition": 31,
        "gauge": 0,
        "x": 899,
        "y": 5624,
      },
      {
        "condition": 37,
        "gauge": 0,
        "x": 4151,
        "y": 8677,
      },
      {
        "condition": 36,
        "gauge": 0,
        "x": 3154,
        "y": 7249,
      },
    ],
    "2000": [
      {
        "condition": 62,
        "gauge": 0,
        "x": 3409,
        "y": 10300,
      },
      {
        "condition": 35,
        "gauge": 0,
        "x": 1911,
        "y": 8080,
      },
      {
        "condition": 49,
        "gauge": 0,
        "x": 3049,
        "y": 8554,
      },
      {
        "condition": 55,
        "gauge": 0,
        "x": 3918,
        "y": 8554,
      },
      {
        "condition": 33,
        "gauge": 0,
        "x": 4970,
        "y": 8145,
      },
      {
        "condition": 23,
        "gauge": 0,
        "x": 2016,
        "y": 6884,
      },
      {
        "condition": 24,
        "gauge": 0,
        "x": 3167,
        "y": 6734,
      },
      {
        "condition": 14,
        "gauge": 0,
        "x": 3839,
        "y": 5956,
      },
      {
        "condition": 22,
        "gauge": 0,
        "x": 4874,
        "y": 6922,
      },
      {
        "condition": 34,
        "gauge": 0,
        "x": 3615,
        "y": 5776,
      },
      {
        "condition": 26,
        "gauge": 0,
        "x": 3862,
        "y": 3708,
      },
      {
        "condition": 57,
        "gauge": 0,
        "x": 3407,
        "y": 200,
      },
      {
        "condition": 32,
        "gauge": 0,
        "x": 5696,
        "y": 3287,
      },
      {
        "condition": 44,
        "gauge": 0,
        "x": 4161,
        "y": 2712,
      },
      {
        "condition": 47,
        "gauge": 0,
        "x": 2789,
        "y": 2316,
      },
      {
        "condition": 27,
        "gauge": 0,
        "x": 1185,
        "y": 3132,
      },
      {
        "condition": 20,
        "gauge": 0,
        "x": 5714,
        "y": 4517,
      },
      {
        "condition": 19,
        "gauge": 0,
        "x": 4152,
        "y": 4977,
      },
      {
        "condition": 9,
        "gauge": 0,
        "x": 2828,
        "y": 5680,
      },
      {
        "condition": 12,
        "gauge": 0,
        "x": 1110,
        "y": 4603,
      },
      {
        "condition": 14,
        "gauge": 0,
        "x": 3635,
        "y": 5803,
      },
      {
        "condition": 11,
        "gauge": 0,
        "x": 2919,
        "y": 6702,
      },
    ],
    "500": [
      {
        "condition": 87,
        "gauge": 0,
        "x": 3370,
        "y": 10302,
      },
      {
        "condition": 79,
        "gauge": 0,
        "x": 1548,
        "y": 7707,
      },
      {
        "condition": 83,
        "gauge": 0,
        "x": 2534,
        "y": 8258,
      },
      {
        "condition": 84,
        "gauge": 0,
        "x": 3540,
        "y": 8558,
      },
      {
        "condition": 79,
        "gauge": 0,
        "x": 4973,
        "y": 7768,
      },
      {
        "condition": 75,
        "gauge": 0,
        "x": 1137,
        "y": 5242,
      },
      {
        "condition": 75,
        "gauge": 0,
        "x": 2468,
        "y": 4407,
      },
      {
        "condition": 72,
        "gauge": 0,
        "x": 3830,
        "y": 4719,
      },
      {
        "condition": 74,
        "gauge": 0,
        "x": 5466,
        "y": 5387,
      },
      {
        "condition": 76,
        "gauge": 14,
        "x": 2718,
        "y": 2322,
      },
      {
        "condition": 73,
        "gauge": 27,
        "x": 3889,
        "y": 3199,
      },
      {
        "condition": 86,
        "gauge": 0,
        "x": 3359,
        "y": 196,
      },
      {
        "condition": 79,
        "gauge": 0,
        "x": 5266,
        "y": 2288,
      },
      {
        "condition": 83,
        "gauge": 0,
        "x": 3824,
        "y": 2189,
      },
      {
        "condition": 84,
        "gauge": 1,
        "x": 2356,
        "y": 2466,
      },
      {
        "condition": 78,
        "gauge": 0,
        "x": 1223,
        "y": 2333,
      },
      {
        "condition": 76,
        "gauge": 0,
        "x": 5037,
        "y": 3741,
      },
      {
        "condition": 74,
        "gauge": 0,
        "x": 3570,
        "y": 3502,
      },
      {
        "condition": 73,
        "gauge": 0,
        "x": 2468,
        "y": 4441,
      },
      {
        "condition": 74,
        "gauge": 0,
        "x": 1490,
        "y": 3579,
      },
      {
        "condition": 76,
        "gauge": 0,
        "x": 3661,
        "y": 7829,
      },
      {
        "condition": 74,
        "gauge": 0,
        "x": 2425,
        "y": 6996,
      },
    ],
  },
  "score": [
    2,
    1,
  ],
}
`;
