// Jest Snapshot v1, https://jestjs.io/docs/snapshot-testing

exports[`M0 acceptance suite (Task 13) golden replay full event payloads, score, and a state fingerprint are locked for a taped envelope 1`] = `
{
  "events": [
    {
      "half": 1,
      "kind": "KICKOFF",
      "t": 0,
    },
    {
      "from": 9,
      "kind": "PASS",
      "ok": false,
      "t": 5,
      "to": 10,
    },
    {
      "from": 14,
      "kind": "PASS",
      "ok": true,
      "t": 20,
      "to": 18,
    },
    {
      "from": 18,
      "kind": "PASS",
      "ok": true,
      "t": 40,
      "to": 20,
    },
    {
      "from": 20,
      "kind": "PASS",
      "ok": false,
      "t": 55,
      "to": 21,
    },
    {
      "by": 21,
      "kind": "TACKLE",
      "on": 3,
      "t": 63,
      "won": false,
    },
    {
      "from": 3,
      "kind": "PASS",
      "ok": true,
      "t": 65,
      "to": 7,
    },
    {
      "from": 7,
      "kind": "PASS",
      "ok": false,
      "t": 75,
      "to": 9,
    },
    {
      "from": 13,
      "kind": "PASS",
      "ok": true,
      "t": 100,
      "to": 17,
    },
    {
      "from": 17,
      "kind": "PASS",
      "ok": true,
      "t": 105,
      "to": 20,
    },
    {
      "by": 6,
      "kind": "TACKLE",
      "on": 20,
      "t": 114,
      "won": false,
    },
    {
      "from": 20,
      "kind": "PASS",
      "ok": false,
      "t": 115,
      "to": 21,
    },
    {
      "from": 3,
      "kind": "PASS",
      "ok": true,
      "t": 130,
      "to": 7,
    },
    {
      "from": 7,
      "kind": "PASS",
      "ok": true,
      "t": 150,
      "to": 9,
    },
    {
      "from": 9,
      "kind": "PASS",
      "ok": true,
      "t": 160,
      "to": 10,
    },
    {
      "from": 10,
      "kind": "PASS",
      "ok": true,
      "t": 165,
      "to": 9,
    },
    {
      "by": 13,
      "kind": "TACKLE",
      "on": 9,
      "t": 174,
      "won": false,
    },
    {
      "from": 9,
      "kind": "PASS",
      "ok": true,
      "t": 175,
      "to": 10,
    },
    {
      "from": 10,
      "kind": "PASS",
      "ok": false,
      "t": 180,
      "to": 9,
    },
    {
      "by": 9,
      "kind": "TACKLE",
      "on": 13,
      "t": 188,
      "won": false,
    },
    {
      "from": 13,
      "kind": "PASS",
      "ok": false,
      "t": 190,
      "to": 17,
    },
    {
      "from": 6,
      "kind": "PASS",
      "ok": true,
      "t": 205,
      "to": 9,
    },
    {
      "by": 17,
      "kind": "TACKLE",
      "on": 9,
      "t": 212,
      "won": true,
    },
    {
      "by": 9,
      "kind": "TACKLE",
      "on": 17,
      "t": 213,
      "won": true,
    },
    {
      "from": 9,
      "kind": "PASS",
      "ok": false,
      "t": 215,
      "to": 10,
    },
    {
      "from": 14,
      "kind": "PASS",
      "ok": true,
      "t": 230,
      "to": 18,
    },
    {
      "from": 18,
      "kind": "PASS",
      "ok": false,
      "t": 240,
      "to": 20,
    },
    {
      "from": 2,
      "kind": "PASS",
      "ok": true,
      "t": 260,
      "to": 7,
    },
    {
      "from": 7,
      "kind": "PASS",
      "ok": true,
      "t": 285,
      "to": 9,
    },
    {
      "from": 9,
      "kind": "PASS",
      "ok": true,
      "t": 295,
      "to": 10,
    },
    {
      "by": 14,
      "kind": "TACKLE",
      "on": 10,
      "t": 303,
      "won": false,
    },
    {
      "by": 10,
      "kind": "SHOT",
      "power": 46,
      "t": 305,
    },
    {
      "by": 10,
      "kind": "GOAL",
      "t": 313,
      "team": 0,
    },
    {
      "from": 20,
      "kind": "PASS",
      "ok": false,
      "t": 315,
      "to": 21,
    },
    {
      "by": 21,
      "kind": "TACKLE",
      "on": 3,
      "t": 332,
      "won": false,
    },
    {
      "from": 3,
      "kind": "PASS",
      "ok": true,
      "t": 335,
      "to": 7,
    },
    {
      "from": 7,
      "kind": "PASS",
      "ok": true,
      "t": 340,
      "to": 9,
    },
    {
      "from": 9,
      "kind": "PASS",
      "ok": false,
      "t": 355,
      "to": 10,
    },
    {
      "by": 10,
      "kind": "TACKLE",
      "on": 14,
      "t": 367,
      "won": false,
    },
    {
      "from": 14,
      "kind": "PASS",
      "ok": true,
      "t": 370,
      "to": 18,
    },
    {
      "from": 18,
      "kind": "PASS",
      "ok": false,
      "t": 385,
      "to": 20,
    },
    {
      "from": 2,
      "kind": "PASS",
      "ok": true,
      "t": 405,
      "to": 6,
    },
    {
      "from": 6,
      "kind": "PASS",
      "ok": false,
      "t": 415,
      "to": 9,
    },
    {
      "from": 13,
      "kind": "PASS",
      "ok": true,
      "t": 435,
      "to": 18,
    },
    {
      "from": 18,
      "kind": "PASS",
      "ok": false,
      "t": 450,
      "to": 20,
    },
    {
      "from": 2,
      "kind": "PASS",
      "ok": true,
      "t": 470,
      "to": 6,
    },
    {
      "from": 6,
      "kind": "PASS",
      "ok": false,
      "t": 480,
      "to": 9,
    },
    {
      "by": 9,
      "kind": "TACKLE",
      "on": 13,
      "t": 502,
      "won": false,
    },
    {
      "from": 13,
      "kind": "PASS",
      "ok": true,
      "t": 505,
      "to": 17,
    },
    {
      "from": 17,
      "kind": "PASS",
      "ok": true,
      "t": 515,
      "to": 20,
    },
    {
      "by": 6,
      "kind": "TACKLE",
      "on": 20,
      "t": 522,
      "won": false,
    },
    {
      "from": 20,
      "kind": "PASS",
      "ok": false,
      "t": 525,
      "to": 21,
    },
    {
      "from": 3,
      "kind": "PASS",
      "ok": true,
      "t": 535,
      "to": 7,
    },
    {
      "from": 7,
      "kind": "PASS",
      "ok": false,
      "t": 545,
      "to": 9,
    },
    {
      "from": 13,
      "kind": "PASS",
      "ok": true,
      "t": 570,
      "to": 17,
    },
    {
      "from": 17,
      "kind": "PASS",
      "ok": false,
      "t": 580,
      "to": 20,
    },
    {
      "from": 2,
      "kind": "PASS",
      "ok": true,
      "t": 600,
      "to": 7,
    },
    {
      "from": 7,
      "kind": "PASS",
      "ok": false,
      "t": 610,
      "to": 9,
    },
    {
      "from": 13,
      "kind": "PASS",
      "ok": true,
      "t": 630,
      "to": 18,
    },
    {
      "from": 18,
      "kind": "PASS",
      "ok": true,
      "t": 650,
      "to": 20,
    },
    {
      "from": 20,
      "kind": "PASS",
      "ok": true,
      "t": 665,
      "to": 21,
    },
    {
      "by": 3,
      "kind": "TACKLE",
      "on": 21,
      "t": 673,
      "won": true,
    },
    {
      "by": 21,
      "kind": "TACKLE",
      "on": 3,
      "t": 674,
      "won": true,
    },
    {
      "from": 21,
      "kind": "PASS",
      "ok": false,
      "t": 675,
      "to": 20,
    },
    {
      "by": 20,
      "kind": "TACKLE",
      "on": 2,
      "t": 683,
      "won": false,
    },
    {
      "from": 2,
      "kind": "PASS",
      "ok": true,
      "t": 685,
      "to": 6,
    },
    {
      "from": 6,
      "kind": "PASS",
      "ok": true,
      "t": 710,
      "to": 9,
    },
    {
      "from": 9,
      "kind": "PASS",
      "ok": false,
      "t": 715,
      "to": 10,
    },
    {
      "by": 10,
      "kind": "TACKLE",
      "on": 14,
      "t": 728,
      "won": true,
    },
    {
      "by": 14,
      "kind": "TACKLE",
      "on": 10,
      "t": 729,
      "won": true,
    },
    {
      "from": 14,
      "kind": "PASS",
      "ok": true,
      "t": 730,
      "to": 18,
    },
    {
      "kind": "POWER_READY",
      "player": 9,
      "t": 753,
    },
    {
      "kind": "POWER_READY",
      "player": 14,
      "t": 755,
    },
    {
      "from": 18,
      "kind": "PASS",
      "ok": true,
      "t": 755,
      "to": 20,
    },
    {
      "kind": "POWER_FIRED",
      "player": 9,
      "power": "FIRE_TORCH",
      "strength": 1,
      "t": 769,
    },
    {
      "color": "yellow",
      "kind": "CARD",
      "player": 9,
      "t": 769,
    },
    {
      "by": 20,
      "kind": "SHOT",
      "power": 49,
      "t": 775,
    },
    {
      "by": 0,
      "kind": "SAVE",
      "resolveLeft": 88,
      "t": 782,
    },
    {
      "from": 0,
      "kind": "PASS",
      "ok": true,
      "t": 795,
      "to": 6,
    },
    {
      "from": 6,
      "kind": "PASS",
      "ok": true,
      "t": 805,
      "to": 9,
    },
    {
      "from": 9,
      "kind": "PASS",
      "ok": false,
      "t": 820,
      "to": 10,
    },
    {
      "kind": "POWER_EXPIRED",
      "player": 14,
      "t": 825,
    },
    {
      "by": 10,
      "kind": "TACKLE",
      "on": 14,
      "t": 834,
      "won": true,
    },
    {
      "by": 10,
      "kind": "SHOT",
      "power": 46,
      "t": 835,
    },
    {
      "by": 11,
      "kind": "SAVE",
      "resolveLeft": 88,
      "t": 843,
    },
    {
      "from": 11,
      "kind": "PASS",
      "ok": false,
      "t": 855,
      "to": 17,
    },
    {
      "from": 6,
      "kind": "PASS",
      "ok": true,
      "t": 875,
      "to": 9,
    },
    {
      "by": 17,
      "kind": "TACKLE",
      "on": 9,
      "t": 882,
      "won": false,
    },
    {
      "from": 9,
      "kind": "PASS",
      "ok": false,
      "t": 885,
      "to": 10,
    },
    {
      "by": 10,
      "kind": "TACKLE",
      "on": 14,
      "t": 899,
      "won": false,
    },
    {
      "kind": "POWER_READY",
      "player": 10,
      "t": 900,
    },
    {
      "from": 14,
      "kind": "PASS",
      "ok": true,
      "t": 900,
      "to": 18,
    },
    {
      "from": 18,
      "kind": "PASS",
      "ok": true,
      "t": 910,
      "to": 20,
    },
    {
      "by": 20,
      "kind": "SHOT",
      "power": 50,
      "t": 940,
    },
    {
      "by": 0,
      "kind": "SAVE",
      "resolveLeft": 75,
      "t": 947,
    },
    {
      "by": 20,
      "kind": "TACKLE",
      "on": 0,
      "t": 959,
      "won": true,
    },
    {
      "by": 20,
      "kind": "SHOT",
      "power": 53,
      "t": 960,
    },
    {
      "by": 20,
      "kind": "GOAL",
      "t": 965,
      "team": 1,
    },
    {
      "kind": "POWER_EXPIRED",
      "player": 10,
      "t": 970,
    },
    {
      "from": 9,
      "kind": "PASS",
      "ok": true,
      "t": 970,
      "to": 10,
    },
    {
      "from": 10,
      "kind": "PASS",
      "ok": true,
      "t": 985,
      "to": 9,
    },
    {
      "from": 9,
      "kind": "PASS",
      "ok": false,
      "t": 990,
      "to": 10,
    },
    {
      "by": 10,
      "kind": "TACKLE",
      "on": 14,
      "t": 998,
      "won": false,
    },
    {
      "from": 14,
      "kind": "PASS",
      "ok": false,
      "t": 1000,
      "to": 18,
    },
    {
      "kind": "POWER_READY",
      "player": 14,
      "t": 1007,
    },
    {
      "kind": "HALF_TIME",
      "t": 1014,
    },
    {
      "half": 2,
      "kind": "KICKOFF",
      "t": 1014,
    },
    {
      "from": 20,
      "kind": "PASS",
      "ok": false,
      "t": 1020,
      "to": 21,
    },
    {
      "from": 3,
      "kind": "PASS",
      "ok": false,
      "t": 1035,
      "to": 7,
    },
    {
      "from": 18,
      "kind": "PASS",
      "ok": true,
      "t": 1050,
      "to": 20,
    },
    {
      "from": 20,
      "kind": "PASS",
      "ok": false,
      "t": 1060,
      "to": 21,
    },
    {
      "by": 21,
      "kind": "TACKLE",
      "on": 3,
      "t": 1072,
      "won": false,
    },
    {
      "from": 3,
      "kind": "PASS",
      "ok": true,
      "t": 1075,
      "to": 7,
    },
    {
      "kind": "POWER_EXPIRED",
      "player": 14,
      "t": 1077,
    },
    {
      "by": 18,
      "kind": "TACKLE",
      "on": 7,
      "t": 1097,
      "won": false,
    },
    {
      "from": 7,
      "kind": "PASS",
      "ok": false,
      "t": 1100,
      "to": 9,
    },
    {
      "from": 13,
      "kind": "PASS",
      "ok": true,
      "t": 1115,
      "to": 17,
    },
    {
      "from": 17,
      "kind": "PASS",
      "ok": false,
      "t": 1125,
      "to": 20,
    },
    {
      "by": 20,
      "kind": "TACKLE",
      "on": 2,
      "t": 1147,
      "won": true,
    },
    {
      "by": 2,
      "kind": "TACKLE",
      "on": 20,
      "t": 1148,
      "won": true,
    },
    {
      "from": 2,
      "kind": "PASS",
      "ok": true,
      "t": 1150,
      "to": 6,
    },
    {
      "by": 17,
      "kind": "TACKLE",
      "on": 6,
      "t": 1173,
      "won": false,
    },
    {
      "from": 6,
      "kind": "PASS",
      "ok": true,
      "t": 1175,
      "to": 9,
    },
    {
      "from": 9,
      "kind": "PASS",
      "ok": true,
      "t": 1180,
      "to": 10,
    },
    {
      "from": 10,
      "kind": "PASS",
      "ok": false,
      "t": 1190,
      "to": 9,
    },
    {
      "by": 9,
      "kind": "TACKLE",
      "on": 13,
      "t": 1197,
      "won": false,
    },
    {
      "from": 13,
      "kind": "PASS",
      "ok": false,
      "t": 1200,
      "to": 17,
    },
    {
      "from": 6,
      "kind": "PASS",
      "ok": false,
      "t": 1220,
      "to": 9,
    },
    {
      "by": 9,
      "kind": "TACKLE",
      "on": 13,
      "t": 1238,
      "won": true,
    },
    {
      "by": 13,
      "kind": "TACKLE",
      "on": 9,
      "t": 1239,
      "won": true,
    },
    {
      "from": 13,
      "kind": "PASS",
      "ok": true,
      "t": 1240,
      "to": 17,
    },
    {
      "by": 6,
      "kind": "TACKLE",
      "on": 17,
      "t": 1262,
      "won": false,
    },
    {
      "kind": "POWER_READY",
      "player": 10,
      "t": 1264,
    },
    {
      "from": 17,
      "kind": "PASS",
      "ok": false,
      "t": 1265,
      "to": 20,
    },
    {
      "by": 20,
      "kind": "TACKLE",
      "on": 2,
      "t": 1279,
      "won": false,
    },
    {
      "from": 2,
      "kind": "PASS",
      "ok": true,
      "t": 1280,
      "to": 6,
    },
    {
      "from": 6,
      "kind": "PASS",
      "ok": true,
      "t": 1290,
      "to": 9,
    },
    {
      "by": 17,
      "kind": "TACKLE",
      "on": 9,
      "t": 1298,
      "won": true,
    },
    {
      "by": 9,
      "kind": "TACKLE",
      "on": 17,
      "t": 1299,
      "won": false,
    },
    {
      "from": 17,
      "kind": "PASS",
      "ok": true,
      "t": 1300,
      "to": 20,
    },
    {
      "by": 6,
      "kind": "TACKLE",
      "on": 20,
      "t": 1307,
      "won": true,
    },
    {
      "by": 20,
      "kind": "TACKLE",
      "on": 6,
      "t": 1308,
      "won": false,
    },
    {
      "from": 6,
      "kind": "PASS",
      "ok": true,
      "t": 1310,
      "to": 9,
    },
    {
      "by": 17,
      "kind": "TACKLE",
      "on": 9,
      "t": 1317,
      "won": false,
    },
    {
      "from": 9,
      "kind": "PASS",
      "ok": false,
      "t": 1320,
      "to": 10,
    },
    {
      "kind": "POWER_EXPIRED",
      "player": 10,
      "t": 1334,
    },
    {
      "by": 10,
      "kind": "TACKLE",
      "on": 14,
      "t": 1334,
      "won": false,
    },
    {
      "from": 14,
      "kind": "PASS",
      "ok": false,
      "t": 1335,
      "to": 18,
    },
    {
      "by": 18,
      "kind": "TACKLE",
      "on": 7,
      "t": 1357,
      "won": true,
    },
    {
      "by": 7,
      "kind": "TACKLE",
      "on": 18,
      "t": 1358,
      "won": false,
    },
    {
      "from": 18,
      "kind": "PASS",
      "ok": true,
      "t": 1360,
      "to": 20,
    },
    {
      "from": 20,
      "kind": "PASS",
      "ok": true,
      "t": 1375,
      "to": 21,
    },
    {
      "from": 21,
      "kind": "PASS",
      "ok": true,
      "t": 1380,
      "to": 20,
    },
    {
      "by": 2,
      "kind": "TACKLE",
      "on": 20,
      "t": 1387,
      "won": false,
    },
    {
      "by": 20,
      "kind": "SHOT",
      "power": 49,
      "t": 1390,
    },
    {
      "by": 0,
      "kind": "SAVE",
      "resolveLeft": 88,
      "t": 1397,
    },
    {
      "from": 0,
      "kind": "PASS",
      "ok": true,
      "t": 1405,
      "to": 6,
    },
    {
      "from": 6,
      "kind": "PASS",
      "ok": true,
      "t": 1415,
      "to": 7,
    },
    {
      "from": 7,
      "kind": "PASS",
      "ok": true,
      "t": 1435,
      "to": 9,
    },
    {
      "from": 9,
      "kind": "PASS",
      "ok": false,
      "t": 1450,
      "to": 10,
    },
    {
      "by": 10,
      "kind": "TACKLE",
      "on": 14,
      "t": 1458,
      "won": true,
    },
    {
      "by": 14,
      "kind": "TACKLE",
      "on": 10,
      "t": 1459,
      "won": true,
    },
    {
      "from": 14,
      "kind": "PASS",
      "ok": false,
      "t": 1460,
      "to": 18,
    },
    {
      "from": 7,
      "kind": "PASS",
      "ok": false,
      "t": 1480,
      "to": 9,
    },
    {
      "from": 13,
      "kind": "PASS",
      "ok": true,
      "t": 1500,
      "to": 17,
    },
    {
      "kind": "POWER_READY",
      "player": 14,
      "t": 1503,
    },
    {
      "kind": "POWER_READY",
      "player": 10,
      "t": 1506,
    },
    {
      "from": 17,
      "kind": "PASS",
      "ok": false,
      "t": 1515,
      "to": 20,
    },
    {
      "from": 2,
      "kind": "PASS",
      "ok": true,
      "t": 1535,
      "to": 6,
    },
    {
      "from": 6,
      "kind": "PASS",
      "ok": true,
      "t": 1545,
      "to": 9,
    },
    {
      "by": 17,
      "kind": "TACKLE",
      "on": 9,
      "t": 1553,
      "won": true,
    },
    {
      "by": 9,
      "kind": "TACKLE",
      "on": 17,
      "t": 1554,
      "won": true,
    },
    {
      "from": 9,
      "kind": "PASS",
      "ok": true,
      "t": 1555,
      "to": 10,
    },
    {
      "from": 10,
      "kind": "PASS",
      "ok": false,
      "t": 1565,
      "to": 9,
    },
    {
      "kind": "POWER_EXPIRED",
      "player": 10,
      "t": 1576,
    },
    {
      "kind": "POWER_FIRED",
      "player": 14,
      "power": "SUPER_STRENGTH",
      "strength": 0.85,
      "t": 1579,
    },
    {
      "by": 14,
      "kind": "TACKLE",
      "on": 10,
      "t": 1579,
      "won": false,
    },
    {
      "kind": "POWER_READY",
      "player": 9,
      "t": 1584,
    },
    {
      "by": 6,
      "kind": "TACKLE",
      "on": 17,
      "t": 1584,
      "won": true,
    },
    {
      "from": 6,
      "kind": "PASS",
      "ok": true,
      "t": 1585,
      "to": 9,
    },
    {
      "from": 9,
      "kind": "PASS",
      "ok": true,
      "t": 1590,
      "to": 7,
    },
    {
      "by": 18,
      "kind": "TACKLE",
      "on": 7,
      "t": 1602,
      "won": false,
    },
    {
      "from": 7,
      "kind": "PASS",
      "ok": true,
      "t": 1605,
      "to": 9,
    },
    {
      "from": 9,
      "kind": "PASS",
      "ok": true,
      "t": 1620,
      "to": 6,
    },
    {
      "from": 6,
      "kind": "PASS",
      "ok": true,
      "t": 1630,
      "to": 9,
    },
    {
      "from": 9,
      "kind": "PASS",
      "ok": false,
      "t": 1635,
      "to": 6,
    },
    {
      "from": 17,
      "kind": "PASS",
      "ok": true,
      "t": 1640,
      "to": 20,
    },
    {
      "kind": "RECOVERED",
      "player": 10,
      "t": 1647,
    },
    {
      "from": 20,
      "kind": "PASS",
      "ok": true,
      "t": 1650,
      "to": 21,
    },
    {
      "kind": "POWER_EXPIRED",
      "player": 9,
      "t": 1654,
    },
    {
      "by": 3,
      "kind": "TACKLE",
      "on": 21,
      "t": 1662,
      "won": true,
    },
    {
      "by": 21,
      "kind": "TACKLE",
      "on": 3,
      "t": 1663,
      "won": false,
    },
    {
      "from": 3,
      "kind": "PASS",
      "ok": true,
      "t": 1665,
      "to": 7,
    },
    {
      "from": 7,
      "kind": "PASS",
      "ok": true,
      "t": 1675,
      "to": 9,
    },
    {
      "from": 9,
      "kind": "PASS",
      "ok": true,
      "t": 1690,
      "to": 10,
    },
    {
      "from": 10,
      "kind": "PASS",
      "ok": false,
      "t": 1695,
      "to": 9,
    },
    {
      "by": 9,
      "kind": "TACKLE",
      "on": 13,
      "t": 1704,
      "won": true,
    },
    {
      "by": 9,
      "kind": "SHOT",
      "power": 50,
      "t": 1705,
    },
    {
      "by": 11,
      "kind": "SAVE",
      "resolveLeft": 87,
      "t": 1712,
    },
    {
      "from": 11,
      "kind": "PASS",
      "ok": true,
      "t": 1715,
      "to": 17,
    },
    {
      "by": 9,
      "kind": "TACKLE",
      "on": 17,
      "t": 1726,
      "won": false,
    },
    {
      "from": 17,
      "kind": "PASS",
      "ok": false,
      "t": 1730,
      "to": 20,
    },
    {
      "from": 2,
      "kind": "PASS",
      "ok": true,
      "t": 1750,
      "to": 7,
    },
    {
      "kind": "POWER_READY",
      "player": 9,
      "t": 1770,
    },
    {
      "from": 7,
      "kind": "PASS",
      "ok": true,
      "t": 1780,
      "to": 9,
    },
    {
      "from": 9,
      "kind": "PASS",
      "ok": true,
      "t": 1795,
      "to": 10,
    },
    {
      "by": 14,
      "kind": "TACKLE",
      "on": 10,
      "t": 1802,
      "won": true,
    },
    {
      "by": 10,
      "kind": "TACKLE",
      "on": 14,
      "t": 1803,
      "won": false,
    },
    {
      "from": 14,
      "kind": "PASS",
      "ok": true,
      "t": 1805,
      "to": 18,
    },
    {
      "from": 18,
      "kind": "PASS",
      "ok": false,
      "t": 1820,
      "to": 20,
    },
    {
      "kind": "POWER_EXPIRED",
      "player": 9,
      "t": 1840,
    },
    {
      "from": 2,
      "kind": "PASS",
      "ok": true,
      "t": 1840,
      "to": 6,
    },
    {
      "from": 6,
      "kind": "PASS",
      "ok": true,
      "t": 1855,
      "to": 9,
    },
    {
      "from": 9,
      "kind": "PASS",
      "ok": true,
      "t": 1865,
      "to": 10,
    },
    {
      "from": 10,
      "kind": "PASS",
      "ok": false,
      "t": 1870,
      "to": 9,
    },
    {
      "from": 17,
      "kind": "PASS",
      "ok": true,
      "t": 1880,
      "to": 20,
    },
    {
      "from": 20,
      "kind": "PASS",
      "ok": false,
      "t": 1890,
      "to": 21,
    },
    {
      "kind": "POWER_READY",
      "player": 10,
      "t": 1900,
    },
    {
      "from": 3,
      "kind": "PASS",
      "ok": true,
      "t": 1900,
      "to": 7,
    },
    {
      "from": 7,
      "kind": "PASS",
      "ok": false,
      "t": 1910,
      "to": 9,
    },
    {
      "from": 13,
      "kind": "PASS",
      "ok": true,
      "t": 1935,
      "to": 17,
    },
    {
      "from": 17,
      "kind": "PASS",
      "ok": true,
      "t": 1945,
      "to": 20,
    },
    {
      "by": 6,
      "kind": "TACKLE",
      "on": 20,
      "t": 1953,
      "won": false,
    },
    {
      "from": 20,
      "kind": "PASS",
      "ok": false,
      "t": 1955,
      "to": 21,
    },
    {
      "kind": "POWER_EXPIRED",
      "player": 10,
      "t": 1970,
    },
    {
      "from": 3,
      "kind": "PASS",
      "ok": true,
      "t": 1970,
      "to": 7,
    },
    {
      "from": 7,
      "kind": "PASS",
      "ok": true,
      "t": 1980,
      "to": 9,
    },
    {
      "from": 9,
      "kind": "PASS",
      "ok": true,
      "t": 1990,
      "to": 10,
    },
    {
      "kind": "FULL_TIME",
      "t": 2000,
    },
  ],
  "fingerprints": {
    "1000": [
      {
        "condition": 95,
        "gauge": 0,
        "x": 3516,
        "y": 9131,
      },
      {
        "condition": 95,
        "gauge": 0,
        "x": 1493,
        "y": 7619,
      },
      {
        "condition": 94,
        "gauge": 0,
        "x": 2823,
        "y": 7808,
      },
      {
        "condition": 94,
        "gauge": 0,
        "x": 4210,
        "y": 7808,
      },
      {
        "condition": 95,
        "gauge": 0,
        "x": 5539,
        "y": 7619,
      },
      {
        "condition": 95,
        "gauge": 0,
        "x": 1493,
        "y": 5446,
      },
      {
        "condition": 92,
        "gauge": 0,
        "x": 2823,
        "y": 5729,
      },
      {
        "condition": 93,
        "gauge": 0,
        "x": 4210,
        "y": 5729,
      },
      {
        "condition": 95,
        "gauge": 0,
        "x": 5539,
        "y": 5446,
      },
      {
        "condition": 89,
        "gauge": 19,
        "x": 2823,
        "y": 3083,
      },
      {
        "condition": 90,
        "gauge": 59,
        "x": 4175,
        "y": 2480,
      },
      {
        "condition": 95,
        "gauge": 0,
        "x": 3516,
        "y": 815,
      },
      {
        "condition": 95,
        "gauge": 0,
        "x": 1493,
        "y": 2327,
      },
      {
        "condition": 94,
        "gauge": 0,
        "x": 2823,
        "y": 2138,
      },
      {
        "condition": 94,
        "gauge": 77,
        "x": 4175,
        "y": 2570,
      },
      {
        "condition": 95,
        "gauge": 0,
        "x": 5539,
        "y": 2327,
      },
      {
        "condition": 95,
        "gauge": 0,
        "x": 1493,
        "y": 4500,
      },
      {
        "condition": 93,
        "gauge": 0,
        "x": 2823,
        "y": 4217,
      },
      {
        "condition": 92,
        "gauge": 0,
        "x": 4210,
        "y": 4217,
      },
      {
        "condition": 95,
        "gauge": 0,
        "x": 5539,
        "y": 4500,
      },
      {
        "condition": 89,
        "gauge": 0,
        "x": 2823,
        "y": 6863,
      },
      {
        "condition": 92,
        "gauge": 0,
        "x": 4210,
        "y": 6863,
      },
    ],
    "1500": [
      {
        "condition": 97,
        "gauge": 0,
        "x": 3280,
        "y": 9132,
      },
      {
        "condition": 98,
        "gauge": 0,
        "x": 1257,
        "y": 7620,
      },
      {
        "condition": 97,
        "gauge": 0,
        "x": 2587,
        "y": 7809,
      },
      {
        "condition": 97,
        "gauge": 0,
        "x": 3974,
        "y": 7809,
      },
      {
        "condition": 98,
        "gauge": 0,
        "x": 5303,
        "y": 7620,
      },
      {
        "condition": 98,
        "gauge": 0,
        "x": 1257,
        "y": 5446,
      },
      {
        "condition": 96,
        "gauge": 0,
        "x": 2587,
        "y": 5730,
      },
      {
        "condition": 96,
        "gauge": 0,
        "x": 3974,
        "y": 5730,
      },
      {
        "condition": 98,
        "gauge": 0,
        "x": 5303,
        "y": 5446,
      },
      {
        "condition": 95,
        "gauge": 76,
        "x": 2858,
        "y": 2774,
      },
      {
        "condition": 97,
        "gauge": 68,
        "x": 3974,
        "y": 3084,
      },
      {
        "condition": 98,
        "gauge": 0,
        "x": 3280,
        "y": 816,
      },
      {
        "condition": 98,
        "gauge": 0,
        "x": 1257,
        "y": 2328,
      },
      {
        "condition": 97,
        "gauge": 0,
        "x": 2601,
        "y": 2580,
      },
      {
        "condition": 97,
        "gauge": 89,
        "x": 3974,
        "y": 2139,
      },
      {
        "condition": 98,
        "gauge": 0,
        "x": 5303,
        "y": 2328,
      },
      {
        "condition": 98,
        "gauge": 0,
        "x": 1257,
        "y": 4501,
      },
      {
        "condition": 96,
        "gauge": 0,
        "x": 2587,
        "y": 4218,
      },
      {
        "condition": 97,
        "gauge": 0,
        "x": 3974,
        "y": 4218,
      },
      {
        "condition": 98,
        "gauge": 0,
        "x": 5303,
        "y": 4501,
      },
      {
        "condition": 94,
        "gauge": 0,
        "x": 2587,
        "y": 6864,
      },
      {
        "condition": 96,
        "gauge": 0,
        "x": 3974,
        "y": 6864,
      },
    ],
    "2000": [
      {
        "condition": 95,
        "gauge": 0,
        "x": 3456,
        "y": 9187,
      },
      {
        "condition": 95,
        "gauge": 0,
        "x": 1433,
        "y": 7675,
      },
      {
        "condition": 94,
        "gauge": 0,
        "x": 2763,
        "y": 7864,
      },
      {
        "condition": 94,
        "gauge": 0,
        "x": 4150,
        "y": 7864,
      },
      {
        "condition": 95,
        "gauge": 0,
        "x": 5479,
        "y": 7675,
      },
      {
        "condition": 95,
        "gauge": 0,
        "x": 1433,
        "y": 5502,
      },
      {
        "condition": 92,
        "gauge": 0,
        "x": 2763,
        "y": 5785,
      },
      {
        "condition": 92,
        "gauge": 0,
        "x": 4150,
        "y": 5785,
      },
      {
        "condition": 95,
        "gauge": 0,
        "x": 5479,
        "y": 5502,
      },
      {
        "condition": 88,
        "gauge": 69,
        "x": 2810,
        "y": 3265,
      },
      {
        "condition": 93,
        "gauge": 59,
        "x": 3776,
        "y": 2934,
      },
      {
        "condition": 95,
        "gauge": 0,
        "x": 3456,
        "y": 871,
      },
      {
        "condition": 95,
        "gauge": 0,
        "x": 1433,
        "y": 2383,
      },
      {
        "condition": 94,
        "gauge": 0,
        "x": 2763,
        "y": 2194,
      },
      {
        "condition": 94,
        "gauge": 22,
        "x": 4150,
        "y": 2194,
      },
      {
        "condition": 95,
        "gauge": 0,
        "x": 5479,
        "y": 2383,
      },
      {
        "condition": 95,
        "gauge": 0,
        "x": 1433,
        "y": 4557,
      },
      {
        "condition": 92,
        "gauge": 0,
        "x": 2763,
        "y": 4273,
      },
      {
        "condition": 93,
        "gauge": 0,
        "x": 3947,
        "y": 3774,
      },
      {
        "condition": 95,
        "gauge": 0,
        "x": 5479,
        "y": 4557,
      },
      {
        "condition": 90,
        "gauge": 0,
        "x": 2763,
        "y": 6919,
      },
      {
        "condition": 91,
        "gauge": 0,
        "x": 4150,
        "y": 6919,
      },
    ],
    "500": [
      {
        "condition": 98,
        "gauge": 0,
        "x": 3278,
        "y": 9125,
      },
      {
        "condition": 98,
        "gauge": 0,
        "x": 1255,
        "y": 7613,
      },
      {
        "condition": 97,
        "gauge": 0,
        "x": 2584,
        "y": 7802,
      },
      {
        "condition": 97,
        "gauge": 0,
        "x": 3971,
        "y": 7802,
      },
      {
        "condition": 98,
        "gauge": 0,
        "x": 5301,
        "y": 7613,
      },
      {
        "condition": 98,
        "gauge": 0,
        "x": 1255,
        "y": 5439,
      },
      {
        "condition": 97,
        "gauge": 0,
        "x": 2584,
        "y": 5723,
      },
      {
        "condition": 96,
        "gauge": 0,
        "x": 3971,
        "y": 5723,
      },
      {
        "condition": 98,
        "gauge": 0,
        "x": 5301,
        "y": 5439,
      },
      {
        "condition": 95,
        "gauge": 65,
        "x": 2587,
        "y": 3126,
      },
      {
        "condition": 95,
        "gauge": 54,
        "x": 3971,
        "y": 3077,
      },
      {
        "condition": 98,
        "gauge": 0,
        "x": 3278,
        "y": 809,
      },
      {
        "condition": 98,
        "gauge": 0,
        "x": 1255,
        "y": 2321,
      },
      {
        "condition": 97,
        "gauge": 0,
        "x": 2584,
        "y": 2511,
      },
      {
        "condition": 97,
        "gauge": 34,
        "x": 3971,
        "y": 2132,
      },
      {
        "condition": 98,
        "gauge": 0,
        "x": 5301,
        "y": 2321,
      },
      {
        "condition": 98,
        "gauge": 0,
        "x": 1255,
        "y": 4494,
      },
      {
        "condition": 97,
        "gauge": 0,
        "x": 2584,
        "y": 4211,
      },
      {
        "condition": 96,
        "gauge": 0,
        "x": 3971,
        "y": 4211,
      },
      {
        "condition": 98,
        "gauge": 0,
        "x": 5301,
        "y": 4494,
      },
      {
        "condition": 95,
        "gauge": 0,
        "x": 2584,
        "y": 6857,
      },
      {
        "condition": 96,
        "gauge": 0,
        "x": 3971,
        "y": 6857,
      },
    ],
  },
  "score": [
    1,
    1,
  ],
}
`;
